INFO:    underlay of /etc/localtime required more than 50 (95) bind mounts
/*---------------------------------------------------------------------------*\
| =========                 |                                                 |
| \\      /  F ield         | OpenFOAM: The Open Source CFD Toolbox           |
|  \\    /   O peration     | Version:  2512                                  |
|   \\  /    A nd           | Website:  www.openfoam.com                      |
|    \\/     M anipulation  |                                                 |
\*---------------------------------------------------------------------------*/
Build  : _87ed40d2-20251219 OPENFOAM=2512 version=2512
Arch   : "LSB;label=32;scalar=64"
Exec   : checkMesh -case /project/pv915002-hpcign/wdiazcar/real-benchmarks-20260926/results/cfd-6340350/n80-p2-r3
Date   : Sep 26 2026
Time   : 12:37:18
Host   : x1001c3s7b0n1
PID    : 2453619
I/O    : uncollated
Case   : /project/pv915002-hpcign/wdiazcar/real-benchmarks-20260926/results/cfd-6340350/n80-p2-r3
nProcs : 1
trapFpe: Floating point exception trapping enabled (FOAM_SIGFPE).
memory pool : not available
fileModificationChecking : Monitoring run-time modified files using timeStampMaster (fileModificationSkew 5, maxFileModificationPolls 20)
allowSystemOperations : Allowing user-supplied system call operations

// * * * * * * * * * * * * * * * * * * * * * * * * * * * * * * * * * * * * * //
Create time

Create mesh for time = 0

Check mesh...

Time = 0

Mesh stats 
    points:           13122
    internal points:  0
    faces:            25760
    internal faces:   12640
    cells:            6400
    faces per cell:   6
    boundary patches: 3
    point zones:      0
    face zones:       0
    cell zones:       0

Overall number of cells of each type:
    hexahedra:     6400
    prisms:        0
    wedges:        0
    pyramids:      0
    tet wedges:    0
    tetrahedra:    0
    polyhedra:     0

Checking topology...
    Boundary definition OK.
    Cell to face addressing OK.
    Point usage OK.
    Upper triangular ordering OK.
    Face vertices OK.
    Number of regions: 1 (OK).

Checking patch topology for multiply connected surfaces...
    Patch               Faces    Points     Surface topology
    movingWall          80       162      ok (non-closed singly connected)  
    fixedWalls          240      482      ok (non-closed singly connected)  
    frontAndBack        12800    13122    ok (non-closed singly connected)  
    ".*"                13120    13122    ok (closed singly connected)      


Checking faceZone topology for multiply connected surfaces...
    No faceZones found.

Checking basic cellZone addressing...
    No cellZones found.

Checking basic pointZone addressing...
    No pointZones found.

Checking geometry...
    Overall domain bounding box (0 0 0) (0.1 0.1 0.01)
    Mesh has 2 geometric (non-empty/wedge) directions (1 1 0)
    Mesh has 2 solution (non-empty) directions (1 1 0)
    All edges aligned with or perpendicular to non-empty directions.
    Boundary openness (-1.10820143932e-17 1.10820143932e-17 -3.42518948046e-17) OK.
    Max cell openness = 1.35525271561e-16 OK.
    Max aspect ratio = 1 OK.
    Minimum face area = 1.5625e-06. Maximum face area = 1.25e-05.  Face area magnitudes OK.
    Min volume = 1.5625e-08. Max volume = 1.5625e-08.  Total volume = 0.0001.  Cell volumes OK.
    Mesh non-orthogonality Max: 0 average: 0
    Non-orthogonality check OK.
    Face pyramids OK.
    Max skewness = 6.66133814775e-14 OK.
    Coupled point location match (average 0) OK.

Mesh OK.

End

