*** OUTPUT ***
CPU Time: 15.5311 sec
d_mass: -1.562610e-15
d_te:   1.111263e-04
*** OUTPUT ***
CPU Time: 14.0144 sec
d_mass: -1.562610e-15
d_te:   1.111263e-04
*** OUTPUT ***
CPU Time: 13.986 sec
d_mass: -1.562610e-15
d_te:   1.111263e-04
*** OUTPUT ***
CPU Time: 7.2424 sec
d_mass: -6.836420e-14
d_te:   1.111263e-04
*** OUTPUT ***
CPU Time: 7.42482 sec
d_mass: -6.836420e-14
d_te:   1.111263e-04
*** OUTPUT ***
CPU Time: 7.24086 sec
d_mass: -6.836420e-14
d_te:   1.111263e-04
*** OUTPUT ***
CPU Time: 3.82479 sec
d_mass: 2.324383e-14
d_te:   1.111263e-04
*** OUTPUT ***
CPU Time: 3.66941 sec
d_mass: 2.324383e-14
d_te:   1.111263e-04
*** OUTPUT ***
CPU Time: 3.83116 sec
d_mass: 2.324383e-14
d_te:   1.111263e-04
*** OUTPUT ***
CPU Time: 122.415 sec
d_mass: -3.416251e-13
d_te:   1.189428e-04
*** OUTPUT ***
CPU Time: 133.083 sec
d_mass: -3.416251e-13
d_te:   1.189428e-04
*** OUTPUT ***
CPU Time: 134.724 sec
d_mass: -3.416251e-13
d_te:   1.189428e-04
*** OUTPUT ***
CPU Time: 68.0193 sec
d_mass: 8.379483e-14
d_te:   1.189428e-04
*** OUTPUT ***
CPU Time: 68.4122 sec
d_mass: 8.379483e-14
d_te:   1.189428e-04
*** OUTPUT ***
CPU Time: 67.3533 sec
d_mass: 8.379483e-14
d_te:   1.189428e-04
*** OUTPUT ***
CPU Time: 34.3399 sec
d_mass: 2.558770e-14
d_te:   1.189428e-04
*** OUTPUT ***
CPU Time: 35.2861 sec
d_mass: 2.558770e-14
d_te:   1.189428e-04
*** OUTPUT ***
CPU Time: 34.8026 sec
d_mass: 2.558770e-14
d_te:   1.189428e-04
*** OUTPUT ***
CPU Time: 16.887 sec
d_mass: -1.230556e-14
d_te:   4.152279e-04
*** OUTPUT ***
CPU Time: 16.6494 sec
d_mass: -1.230556e-14
d_te:   4.152279e-04
*** OUTPUT ***
CPU Time: 14.3146 sec
d_mass: -1.230556e-14
d_te:   4.152279e-04
*** OUTPUT ***
CPU Time: 7.85126 sec
d_mass: -6.113713e-14
d_te:   4.152279e-04
*** OUTPUT ***
CPU Time: 7.86303 sec
d_mass: -6.113713e-14
d_te:   4.152279e-04
*** OUTPUT ***
CPU Time: 8.82313 sec
d_mass: -6.113713e-14
d_te:   4.152279e-04
*** OUTPUT ***
CPU Time: 4.40512 sec
d_mass: 2.129056e-14
d_te:   4.152279e-04
*** OUTPUT ***
CPU Time: 4.32012 sec
d_mass: 2.129056e-14
d_te:   4.152279e-04
*** OUTPUT ***
CPU Time: 4.21988 sec
d_mass: 2.129056e-14
d_te:   4.152279e-04
*** OUTPUT ***
CPU Time: 113.675 sec
d_mass: -3.437737e-13
d_te:   5.205049e-04
*** OUTPUT ***
CPU Time: 112.779 sec
d_mass: -3.437737e-13
d_te:   5.205049e-04
*** OUTPUT ***
CPU Time: 114.774 sec
d_mass: -3.437737e-13
d_te:   5.205049e-04
*** OUTPUT ***
CPU Time: 58.7837 sec
d_mass: 8.789668e-14
d_te:   5.205049e-04
*** OUTPUT ***
CPU Time: 58.0914 sec
d_mass: 8.789668e-14
d_te:   5.205049e-04
*** OUTPUT ***
CPU Time: 57.9238 sec
d_mass: 8.789668e-14
d_te:   5.205049e-04
*** OUTPUT ***
CPU Time: 29.707 sec
d_mass: 2.754096e-14
d_te:   5.205049e-04
*** OUTPUT ***
CPU Time: 29.8554 sec
d_mass: 2.754096e-14
d_te:   5.205049e-04
*** OUTPUT ***
CPU Time: 29.7247 sec
d_mass: 2.754096e-14
d_te:   5.205049e-04
