  Your Athena++ distribution has now been configured with the following options: 
  Problem generator:            shock_tube
  Coordinate system:            cartesian
  Equation of state:            adiabatic
  Riemann solver:               hllc
  Magnetic fields:              OFF
  Number of scalars:            0
  Number of chemical species:   0
  Special relativity:           OFF
  General relativity:           OFF
  Radiative Transfer:           OFF
  Implicit Radiation:           OFF
  Cosmic Ray Transport:         OFF
  Cosmic Ray Diffusion:         OFF
  Frame transformations:        OFF
  Self-Gravity:                 OFF
  Super-Time-Stepping:          OFF
  Chemistry:                    OFF
  KIDA rates:                   OFF
  ChemRadiation:                OFF
  chem_ode_solver:              OFF
  Debug flags:                  OFF
  Code coverage flags:          OFF
  Linker flags:                  -lm
  Floating-point precision:     double
  Number of ghost cells:        2
  MPI parallelism:              ON
  OpenMP parallelism:           OFF
  FFT:                          OFF
  HDF5 output:                  OFF
  Compiler:                     cray
  Compilation command:          CC  -O3 -std=c++11 -flto
mkdir -p bin/
mkdir -p obj/
CC  -O3 -std=c++11 -flto -c src/parameter_input.cpp -o obj/parameter_input.o
CC  -O3 -std=c++11 -flto -c src/main.cpp -o obj/main.o
CC  -O3 -std=c++11 -flto -c src/globals.cpp -o obj/globals.o
CC  -O3 -std=c++11 -flto -c src/bvals/bvals_var.cpp -o obj/bvals_var.o
CC  -O3 -std=c++11 -flto -c src/bvals/bvals_refine_postmg.cpp -o obj/bvals_refine_postmg.o
CC  -O3 -std=c++11 -flto -c src/bvals/bvals_refine.cpp -o obj/bvals_refine.o
CC  -O3 -std=c++11 -flto -c src/bvals/bvals_base.cpp -o obj/bvals_base.o
CC  -O3 -std=c++11 -flto -c src/bvals/bvals.cpp -o obj/bvals.o
CC  -O3 -std=c++11 -flto -c src/bvals/cc/reflect_cc.cpp -o obj/reflect_cc.o
CC  -O3 -std=c++11 -flto -c src/bvals/cc/polarwedge_cc.cpp -o obj/polarwedge_cc.o
CC  -O3 -std=c++11 -flto -c src/bvals/cc/outflow_cc.cpp -o obj/outflow_cc.o
CC  -O3 -std=c++11 -flto -c src/bvals/cc/flux_correction_cc.cpp -o obj/flux_correction_cc.o
CC  -O3 -std=c++11 -flto -c src/bvals/cc/bvals_shear_flux.cpp -o obj/bvals_shear_flux.o
CC  -O3 -std=c++11 -flto -c src/bvals/cc/bvals_shear_cc.cpp -o obj/bvals_shear_cc.o
CC  -O3 -std=c++11 -flto -c src/bvals/cc/bvals_cc.cpp -o obj/bvals_cc.o
CC  -O3 -std=c++11 -flto -c src/bvals/cc/hydro/reflect_hydro.cpp -o obj/reflect_hydro.o
CC  -O3 -std=c++11 -flto -c src/bvals/cc/hydro/flux_correction_hydro.cpp -o obj/flux_correction_hydro.o
CC  -O3 -std=c++11 -flto -c src/bvals/cc/hydro/bvals_shear_hydro.cpp -o obj/bvals_shear_hydro.o
CC  -O3 -std=c++11 -flto -c src/bvals/cc/hydro/bvals_hydro.cpp -o obj/bvals_hydro.o
CC  -O3 -std=c++11 -flto -c src/bvals/cc/mg/bvals_mg_gravity.cpp -o obj/bvals_mg_gravity.o
CC  -O3 -std=c++11 -flto -c src/bvals/cc/mg/bvals_mg.cpp -o obj/bvals_mg.o
CC  -O3 -std=c++11 -flto -c src/bvals/cc/nr_radiation/vacuum_rad.cpp -o obj/vacuum_rad.o
CC  -O3 -std=c++11 -flto -c src/bvals/cc/nr_radiation/rotate_rad.cpp -o obj/rotate_rad.o
CC  -O3 -std=c++11 -flto -c src/bvals/cc/nr_radiation/reflect_rad.cpp -o obj/reflect_rad.o
CC  -O3 -std=c++11 -flto -c src/bvals/cc/nr_radiation/polarwedge_rad.cpp -o obj/polarwedge_rad.o
CC  -O3 -std=c++11 -flto -c src/bvals/cc/nr_radiation/outflow_rad.cpp -o obj/outflow_rad.o
CC  -O3 -std=c++11 -flto -c src/bvals/cc/nr_radiation/flux_correction_radiation.cpp -o obj/flux_correction_radiation.o
CC  -O3 -std=c++11 -flto -c src/bvals/cc/nr_radiation/bvals_shear_rad_flux.cpp -o obj/bvals_shear_rad_flux.o
CC  -O3 -std=c++11 -flto -c src/bvals/cc/nr_radiation/bvals_shear_rad.cpp -o obj/bvals_shear_rad.o
CC  -O3 -std=c++11 -flto -c src/bvals/cc/nr_radiation/bvals_rad.cpp -o obj/bvals_rad.o
CC  -O3 -std=c++11 -flto -c src/bvals/fc/reflect_fc.cpp -o obj/reflect_fc.o
CC  -O3 -std=c++11 -flto -c src/bvals/fc/polarwedge_fc.cpp -o obj/polarwedge_fc.o
CC  -O3 -std=c++11 -flto -c src/bvals/fc/outflow_fc.cpp -o obj/outflow_fc.o
CC  -O3 -std=c++11 -flto -c src/bvals/fc/flux_correction_fc.cpp -o obj/flux_correction_fc.o
CC  -O3 -std=c++11 -flto -c src/bvals/fc/bvals_shear_fc.cpp -o obj/bvals_shear_fc.o
CC  -O3 -std=c++11 -flto -c src/bvals/fc/bvals_shear_emf.cpp -o obj/bvals_shear_emf.o
CC  -O3 -std=c++11 -flto -c src/bvals/fc/bvals_fc.cpp -o obj/bvals_fc.o
CC  -O3 -std=c++11 -flto -c src/bvals/orbital/bvals_orbital.cpp -o obj/bvals_orbital.o
CC  -O3 -std=c++11 -flto -c src/bvals/sixray/bvals_sixray.cpp -o obj/bvals_sixray.o
CC  -O3 -std=c++11 -flto -c src/bvals/utils/check_polar.cpp -o obj/check_polar.o
CC  -O3 -std=c++11 -flto -c src/bvals/utils/boundary_flag.cpp -o obj/boundary_flag.o
CC  -O3 -std=c++11 -flto -c src/coordinates/coordinates.cpp -o obj/coordinates.o
CC  -O3 -std=c++11 -flto -c src/coordinates/cartesian.cpp -o obj/cartesian.o
CC  -O3 -std=c++11 -flto -c src/eos/general/noop.cpp -o obj/noop.o
CC  -O3 -std=c++11 -flto -c src/eos/adiabatic_hydro.cpp -o obj/adiabatic_hydro.o
CC  -O3 -std=c++11 -flto -c src/eos/eos_high_order.cpp -o obj/eos_high_order.o
CC  -O3 -std=c++11 -flto -c src/eos/eos_scalars.cpp -o obj/eos_scalars.o
CC  -O3 -std=c++11 -flto -c src/chemistry/network_wrapper.cpp -o obj/network_wrapper.o
CC  -O3 -std=c++11 -flto -c src/chemistry/utils/thermo.cpp -o obj/thermo.o
CC  -O3 -std=c++11 -flto -c src/chemistry/utils/shielding.cpp -o obj/shielding.o
CC  -O3 -std=c++11 -flto -c src/chemistry/utils/kida_species.cpp -o obj/kida_species.o
CC  -O3 -std=c++11 -flto -c src/chemistry/utils/kida_reaction.cpp -o obj/kida_reaction.o
CC  -O3 -std=c++11 -flto -c src/chemistry/utils/chemistry_utils.cpp -o obj/chemistry_utils.o
CC  -O3 -std=c++11 -flto -c src/chemistry/network/none.cpp -o obj/none.o
CC  -O3 -std=c++11 -flto -c src/chemistry/forward_euler.cpp -o obj/forward_euler.o
CC  -O3 -std=c++11 -flto -c src/chem_rad/chem_rad.cpp -o obj/chem_rad.o
CC  -O3 -std=c++11 -flto -c src/chem_rad/integrators/const.cpp -o obj/const.o
CC  -O3 -std=c++11 -flto -c src/fft/turbulence.cpp -o obj/turbulence.o
CC  -O3 -std=c++11 -flto -c src/fft/fft_driver.cpp -o obj/fft_driver.o
CC  -O3 -std=c++11 -flto -c src/fft/athena_fft.cpp -o obj/athena_fft.o
CC  -O3 -std=c++11 -flto -c src/field/field.cpp -o obj/field.o
CC  -O3 -std=c++11 -flto -c src/field/ct.cpp -o obj/ct.o
CC  -O3 -std=c++11 -flto -c src/field/calculate_corner_e.cpp -o obj/calculate_corner_e.o
CC  -O3 -std=c++11 -flto -c src/field/field_diffusion/field_diffusion.cpp -o obj/field_diffusion.o
CC  -O3 -std=c++11 -flto -c src/field/field_diffusion/diffusivity.cpp -o obj/diffusivity.o
CC  -O3 -std=c++11 -flto -c src/gravity/mg_gravity.cpp -o obj/mg_gravity.o
CC  -O3 -std=c++11 -flto -c src/gravity/gravity.cpp -o obj/gravity.o
CC  -O3 -std=c++11 -flto -c src/gravity/fft_gravity.cpp -o obj/fft_gravity.o
CC  -O3 -std=c++11 -flto -c src/hydro/new_blockdt.cpp -o obj/new_blockdt.o
CC  -O3 -std=c++11 -flto -c src/hydro/hydro.cpp -o obj/hydro.o
CC  -O3 -std=c++11 -flto -c src/hydro/calculate_velocity_differences.cpp -o obj/calculate_velocity_differences.o
CC  -O3 -std=c++11 -flto -c src/hydro/calculate_fluxes.cpp -o obj/calculate_fluxes.o
CC  -O3 -std=c++11 -flto -c src/hydro/add_flux_divergence.cpp -o obj/add_flux_divergence.o
CC  -O3 -std=c++11 -flto -c src/hydro/srcterms/shearing_box.cpp -o obj/shearing_box.o
CC  -O3 -std=c++11 -flto -c src/hydro/srcterms/self_gravity.cpp -o obj/self_gravity.o
CC  -O3 -std=c++11 -flto -c src/hydro/srcterms/rotating_system_srcterms.cpp -o obj/rotating_system_srcterms.o
CC  -O3 -std=c++11 -flto -c src/hydro/srcterms/pointmass.cpp -o obj/pointmass.o
CC  -O3 -std=c++11 -flto -c src/hydro/srcterms/orbital_advection_srcterms.cpp -o obj/orbital_advection_srcterms.o
CC  -O3 -std=c++11 -flto -c src/hydro/srcterms/hydro_srcterms.cpp -o obj/hydro_srcterms.o
CC  -O3 -std=c++11 -flto -c src/hydro/srcterms/constant_acc.cpp -o obj/constant_acc.o
CC  -O3 -std=c++11 -flto -c src/hydro/hydro_diffusion/viscosity.cpp -o obj/viscosity.o
CC  -O3 -std=c++11 -flto -c src/hydro/hydro_diffusion/hydro_diffusion.cpp -o obj/hydro_diffusion.o
CC  -O3 -std=c++11 -flto -c src/hydro/hydro_diffusion/conduction.cpp -o obj/conduction.o
CC  -O3 -std=c++11 -flto -c src/nr_radiation/radiation.cpp -o obj/radiation.o
CC  -O3 -std=c++11 -flto -c src/nr_radiation/get_moments.cpp -o obj/get_moments.o
CC  -O3 -std=c++11 -flto -c src/nr_radiation/frequencygrid.cpp -o obj/frequencygrid.o
CC  -O3 -std=c++11 -flto -c src/nr_radiation/angulargrid.cpp -o obj/angulargrid.o
CC  -O3 -std=c++11 -flto -c src/nr_radiation/integrators/rad_transport.cpp -o obj/rad_transport.o
CC  -O3 -std=c++11 -flto -c src/nr_radiation/integrators/rad_source.cpp -o obj/rad_source.o
CC  -O3 -std=c++11 -flto -c src/nr_radiation/integrators/rad_integrators.cpp -o obj/rad_integrators.o
CC  -O3 -std=c++11 -flto -c src/nr_radiation/integrators/multi_group.cpp -o obj/multi_group.o
CC  -O3 -std=c++11 -flto -c src/nr_radiation/integrators/frame_transform.cpp -o obj/frame_transform.o
CC  -O3 -std=c++11 -flto -c src/nr_radiation/integrators/srcterms/multigroup_abs_sca.cpp -o obj/multigroup_abs_sca.o
CC  -O3 -std=c++11 -flto -c src/nr_radiation/integrators/srcterms/compton.cpp -o obj/compton.o
CC  -O3 -std=c++11 -flto -c src/nr_radiation/integrators/srcterms/absorption_scattering.cpp -o obj/absorption_scattering.o
CC  -O3 -std=c++11 -flto -c src/nr_radiation/implicit/radiation_implicit.cpp -o obj/radiation_implicit.o
CC  -O3 -std=c++11 -flto -c src/nr_radiation/implicit/rad_iteration.cpp -o obj/rad_iteration.o
CC  -O3 -std=c++11 -flto -c src/nr_radiation/implicit/implicit_first_order.cpp -o obj/implicit_first_order.o
CC  -O3 -std=c++11 -flto -c src/nr_radiation/implicit/implicit_angular_flux.cpp -o obj/implicit_angular_flux.o
CC  -O3 -std=c++11 -flto -c src/cr/cr.cpp -o obj/cr.o
CC  -O3 -std=c++11 -flto -c src/cr/integrators/cr_transport.cpp -o obj/cr_transport.o
CC  -O3 -std=c++11 -flto -c src/cr/integrators/cr_source.cpp -o obj/cr_source.o
CC  -O3 -std=c++11 -flto -c src/cr/integrators/cr_integrators.cpp -o obj/cr_integrators.o
CC  -O3 -std=c++11 -flto -c src/cr/integrators/cr_flux.cpp -o obj/cr_flux.o
CC  -O3 -std=c++11 -flto -c src/crdiffusion/mg_crdiffusion.cpp -o obj/mg_crdiffusion.o
CC  -O3 -std=c++11 -flto -c src/crdiffusion/crdiffusion.cpp -o obj/crdiffusion.o
CC  -O3 -std=c++11 -flto -c src/hydro/rsolvers/hydro/hllc.cpp -o obj/hllc.o
CC  -O3 -std=c++11 -flto -c src/inputs/hdf5_reader.cpp -o obj/hdf5_reader.o
CC  -O3 -std=c++11 -flto -c src/inputs/ascii_table_reader.cpp -o obj/ascii_table_reader.o
CC  -O3 -std=c++11 -flto -c src/mesh/weighted_ave.cpp -o obj/weighted_ave.o
CC  -O3 -std=c++11 -flto -c src/mesh/meshblock_tree.cpp -o obj/meshblock_tree.o
CC  -O3 -std=c++11 -flto -c src/mesh/meshblock.cpp -o obj/meshblock.o
CC  -O3 -std=c++11 -flto -c src/mesh/mesh_refinement.cpp -o obj/mesh_refinement.o
CC  -O3 -std=c++11 -flto -c src/mesh/mesh.cpp -o obj/mesh.o
CC  -O3 -std=c++11 -flto -c src/mesh/amr_loadbalance.cpp -o obj/amr_loadbalance.o
CC  -O3 -std=c++11 -flto -c src/multigrid/multigrid_driver.cpp -o obj/multigrid_driver.o
CC  -O3 -std=c++11 -flto -c src/multigrid/multigrid.cpp -o obj/multigrid.o
CC  -O3 -std=c++11 -flto -c src/multigrid/mgbval_zerograd.cpp -o obj/mgbval_zerograd.o
CC  -O3 -std=c++11 -flto -c src/multigrid/mgbval_zerofixed.cpp -o obj/mgbval_zerofixed.o
CC  -O3 -std=c++11 -flto -c src/multigrid/mgbval_periodic.cpp -o obj/mgbval_periodic.o
CC  -O3 -std=c++11 -flto -c src/multigrid/mgbval_multipole.cpp -o obj/mgbval_multipole.o
CC  -O3 -std=c++11 -flto -c src/orbital_advection/set_orbital_advection.cpp -o obj/set_orbital_advection.o
CC  -O3 -std=c++11 -flto -c src/orbital_advection/orbital_system_conversion.cpp -o obj/orbital_system_conversion.o
CC  -O3 -std=c++11 -flto -c src/orbital_advection/orbital_remapping.cpp -o obj/orbital_remapping.o
CC  -O3 -std=c++11 -flto -c src/orbital_advection/orbital_advection.cpp -o obj/orbital_advection.o
CC  -O3 -std=c++11 -flto -c src/orbital_advection/default_orbital_velocity.cpp -o obj/default_orbital_velocity.o
CC  -O3 -std=c++11 -flto -c src/orbital_advection/calculate_orbital_advection.cpp -o obj/calculate_orbital_advection.o
CC  -O3 -std=c++11 -flto -c src/outputs/vtk.cpp -o obj/vtk.o
CC  -O3 -std=c++11 -flto -c src/outputs/restart.cpp -o obj/restart.o
CC  -O3 -std=c++11 -flto -c src/outputs/outputs.cpp -o obj/outputs.o
CC  -O3 -std=c++11 -flto -c src/outputs/io_wrapper.cpp -o obj/io_wrapper.o
CC  -O3 -std=c++11 -flto -c src/outputs/history.cpp -o obj/history.o
CC  -O3 -std=c++11 -flto -c src/outputs/formatted_table.cpp -o obj/formatted_table.o
CC  -O3 -std=c++11 -flto -c src/outputs/athena_hdf5.cpp -o obj/athena_hdf5.o
CC  -O3 -std=c++11 -flto -c src/pgen/default_pgen.cpp -o obj/default_pgen.o
CC  -O3 -std=c++11 -flto -c src/pgen/shock_tube.cpp -o obj/shock_tube.o
CC  -O3 -std=c++11 -flto -c src/reconstruct/weno.cpp -o obj/weno.o
CC  -O3 -std=c++11 -flto -c src/reconstruct/reconstruction.cpp -o obj/reconstruction.o
CC  -O3 -std=c++11 -flto -c src/reconstruct/ppm_simple_fast.cpp -o obj/ppm_simple_fast.o
CC  -O3 -std=c++11 -flto -c src/reconstruct/ppm_simple.cpp -o obj/ppm_simple.o
CC  -O3 -std=c++11 -flto -c src/reconstruct/ppm_fast.cpp -o obj/ppm_fast.o
CC  -O3 -std=c++11 -flto -c src/reconstruct/ppm.cpp -o obj/ppm.o
CC  -O3 -std=c++11 -flto -c src/reconstruct/plm_simple.cpp -o obj/plm_simple.o
CC  -O3 -std=c++11 -flto -c src/reconstruct/plm.cpp -o obj/plm.o
CC  -O3 -std=c++11 -flto -c src/reconstruct/dc_simple.cpp -o obj/dc_simple.o
CC  -O3 -std=c++11 -flto -c src/reconstruct/dc.cpp -o obj/dc.o
CC  -O3 -std=c++11 -flto -c src/reconstruct/characteristic.cpp -o obj/characteristic.o
CC  -O3 -std=c++11 -flto -c src/scalars/scalars.cpp -o obj/scalars.o
CC  -O3 -std=c++11 -flto -c src/scalars/scalar_diffusion.cpp -o obj/scalar_diffusion.o
CC  -O3 -std=c++11 -flto -c src/scalars/calculate_scalar_fluxes.cpp -o obj/calculate_scalar_fluxes.o
CC  -O3 -std=c++11 -flto -c src/scalars/add_scalar_flux_divergence.cpp -o obj/add_scalar_flux_divergence.o
CC  -O3 -std=c++11 -flto -c src/task_list/time_integrator.cpp -o obj/time_integrator.o
CC  -O3 -std=c++11 -flto -c src/task_list/task_list.cpp -o obj/task_list.o
CC  -O3 -std=c++11 -flto -c src/task_list/task_id.cpp -o obj/task_id.o
CC  -O3 -std=c++11 -flto -c src/task_list/sts_task_list.cpp -o obj/sts_task_list.o
CC  -O3 -std=c++11 -flto -c src/task_list/mg_task_list.cpp -o obj/mg_task_list.o
CC  -O3 -std=c++11 -flto -c src/task_list/im_radit_task_list.cpp -o obj/im_radit_task_list.o
CC  -O3 -std=c++11 -flto -c src/task_list/im_radhydro_task_list.cpp -o obj/im_radhydro_task_list.o
CC  -O3 -std=c++11 -flto -c src/task_list/im_rad_task_list.cpp -o obj/im_rad_task_list.o
CC  -O3 -std=c++11 -flto -c src/task_list/im_rad_compt_task_list.cpp -o obj/im_rad_compt_task_list.o
CC  -O3 -std=c++11 -flto -c src/task_list/grav_task_list.cpp -o obj/grav_task_list.o
CC  -O3 -std=c++11 -flto -c src/task_list/crdiffusion_task_list.cpp -o obj/crdiffusion_task_list.o
CC  -O3 -std=c++11 -flto -c src/task_list/chem_rad_task_list.cpp -o obj/chem_rad_task_list.o
CC  -O3 -std=c++11 -flto -c src/utils/string_utils.cpp -o obj/string_utils.o
CC  -O3 -std=c++11 -flto -c src/utils/signal_handler.cpp -o obj/signal_handler.o
CC  -O3 -std=c++11 -flto -c src/utils/show_config.cpp -o obj/show_config.o
CC  -O3 -std=c++11 -flto -c src/utils/rotate_vectors.cpp -o obj/rotate_vectors.o
CC  -O3 -std=c++11 -flto -c src/utils/ran2.cpp -o obj/ran2.o
CC  -O3 -std=c++11 -flto -c src/utils/permutation.cpp -o obj/permutation.o
CC  -O3 -std=c++11 -flto -c src/utils/matrix_mult.cpp -o obj/matrix_mult.o
CC  -O3 -std=c++11 -flto -c src/utils/interp_table.cpp -o obj/interp_table.o
CC  -O3 -std=c++11 -flto -c src/utils/interp.cpp -o obj/interp.o
CC  -O3 -std=c++11 -flto -c src/utils/gl_quadrature.cpp -o obj/gl_quadrature.o
CC  -O3 -std=c++11 -flto -c src/utils/gauleg.cpp -o obj/gauleg.o
CC  -O3 -std=c++11 -flto -c src/utils/fourth_polynomial_root.cpp -o obj/fourth_polynomial_root.o
CC  -O3 -std=c++11 -flto -c src/utils/eos_table_class.cpp -o obj/eos_table_class.o
CC  -O3 -std=c++11 -flto -c src/utils/change_rundir.cpp -o obj/change_rundir.o
CC  -O3 -std=c++11 -flto -c src/utils/buffer_utils.cpp -o obj/buffer_utils.o
CC  -O3 -std=c++11 -flto -c src/units/units.cpp -o obj/units.o
CC  -O3 -std=c++11 -flto -o bin/athena obj/parameter_input.o obj/main.o obj/globals.o obj/bvals_var.o obj/bvals_refine_postmg.o obj/bvals_refine.o obj/bvals_base.o obj/bvals.o obj/reflect_cc.o obj/polarwedge_cc.o obj/outflow_cc.o obj/flux_correction_cc.o obj/bvals_shear_flux.o obj/bvals_shear_cc.o obj/bvals_cc.o obj/reflect_hydro.o obj/flux_correction_hydro.o obj/bvals_shear_hydro.o obj/bvals_hydro.o obj/bvals_mg_gravity.o obj/bvals_mg.o obj/vacuum_rad.o obj/rotate_rad.o obj/reflect_rad.o obj/polarwedge_rad.o obj/outflow_rad.o obj/flux_correction_radiation.o obj/bvals_shear_rad_flux.o obj/bvals_shear_rad.o obj/bvals_rad.o obj/reflect_fc.o obj/polarwedge_fc.o obj/outflow_fc.o obj/flux_correction_fc.o obj/bvals_shear_fc.o obj/bvals_shear_emf.o obj/bvals_fc.o obj/bvals_orbital.o obj/bvals_sixray.o obj/check_polar.o obj/boundary_flag.o obj/coordinates.o obj/cartesian.o obj/noop.o obj/adiabatic_hydro.o obj/eos_high_order.o obj/eos_scalars.o obj/network_wrapper.o obj/thermo.o obj/shielding.o obj/kida_species.o obj/kida_reaction.o obj/chemistry_utils.o obj/none.o obj/forward_euler.o obj/chem_rad.o obj/const.o obj/turbulence.o obj/fft_driver.o obj/athena_fft.o obj/field.o obj/ct.o obj/calculate_corner_e.o obj/field_diffusion.o obj/diffusivity.o obj/mg_gravity.o obj/gravity.o obj/fft_gravity.o obj/new_blockdt.o obj/hydro.o obj/calculate_velocity_differences.o obj/calculate_fluxes.o obj/add_flux_divergence.o obj/shearing_box.o obj/self_gravity.o obj/rotating_system_srcterms.o obj/pointmass.o obj/orbital_advection_srcterms.o obj/hydro_srcterms.o obj/constant_acc.o obj/viscosity.o obj/hydro_diffusion.o obj/conduction.o obj/radiation.o obj/get_moments.o obj/frequencygrid.o obj/angulargrid.o obj/rad_transport.o obj/rad_source.o obj/rad_integrators.o obj/multi_group.o obj/frame_transform.o obj/multigroup_abs_sca.o obj/compton.o obj/absorption_scattering.o obj/radiation_implicit.o obj/rad_iteration.o obj/implicit_first_order.o obj/implicit_angular_flux.o obj/cr.o obj/cr_transport.o obj/cr_source.o obj/cr_integrators.o obj/cr_flux.o obj/mg_crdiffusion.o obj/crdiffusion.o obj/hllc.o obj/hdf5_reader.o obj/ascii_table_reader.o obj/weighted_ave.o obj/meshblock_tree.o obj/meshblock.o obj/mesh_refinement.o obj/mesh.o obj/amr_loadbalance.o obj/multigrid_driver.o obj/multigrid.o obj/mgbval_zerograd.o obj/mgbval_zerofixed.o obj/mgbval_periodic.o obj/mgbval_multipole.o obj/set_orbital_advection.o obj/orbital_system_conversion.o obj/orbital_remapping.o obj/orbital_advection.o obj/default_orbital_velocity.o obj/calculate_orbital_advection.o obj/vtk.o obj/restart.o obj/outputs.o obj/io_wrapper.o obj/history.o obj/formatted_table.o obj/athena_hdf5.o obj/default_pgen.o obj/shock_tube.o obj/weno.o obj/reconstruction.o obj/ppm_simple_fast.o obj/ppm_simple.o obj/ppm_fast.o obj/ppm.o obj/plm_simple.o obj/plm.o obj/dc_simple.o obj/dc.o obj/characteristic.o obj/scalars.o obj/scalar_diffusion.o obj/calculate_scalar_fluxes.o obj/add_scalar_flux_divergence.o obj/time_integrator.o obj/task_list.o obj/task_id.o obj/sts_task_list.o obj/mg_task_list.o obj/im_radit_task_list.o obj/im_radhydro_task_list.o obj/im_rad_task_list.o obj/im_rad_compt_task_list.o obj/grav_task_list.o obj/crdiffusion_task_list.o obj/chem_rad_task_list.o obj/string_utils.o obj/signal_handler.o obj/show_config.o obj/rotate_vectors.o obj/ran2.o obj/permutation.o obj/matrix_mult.o obj/interp_table.o obj/interp.o obj/gl_quadrature.o obj/gauleg.o obj/fourth_polynomial_root.o obj/eos_table_class.o obj/change_rundir.o obj/buffer_utils.o obj/units.o  -lm
tlim=2.5000000000000000e-01 nlim=-1

zone-cycles = 11136
cpu time used  = 4.9417999999999997e-02
zone-cycles/cpu_second = 2.2534299243190742e+05
tlim=2.5000000000000000e-01 nlim=-1

zone-cycles = 11136
cpu time used  = 4.5691000000000002e-02
zone-cycles/cpu_second = 2.4372414698737167e+05
tlim=2.5000000000000000e-01 nlim=-1

zone-cycles = 11136
cpu time used  = 4.5469999999999997e-02
zone-cycles/cpu_second = 2.4490873103144934e+05
tlim=2.5000000000000000e-01 nlim=-1

zone-cycles = 11136
cpu time used  = 3.3709000000000003e-02
zone-cycles/cpu_second = 3.3035687798510783e+05
tlim=2.5000000000000000e-01 nlim=-1

zone-cycles = 11136
cpu time used  = 3.2426000000000003e-02
zone-cycles/cpu_second = 3.4342811324245972e+05
tlim=2.5000000000000000e-01 nlim=-1

zone-cycles = 11136
cpu time used  = 3.1572000000000003e-02
zone-cycles/cpu_second = 3.5271759787153173e+05
tlim=2.5000000000000000e-01 nlim=-1

zone-cycles = 11136
cpu time used  = 2.6084000000000000e-02
zone-cycles/cpu_second = 4.2692838521699124e+05
tlim=2.5000000000000000e-01 nlim=-1

zone-cycles = 11136
cpu time used  = 2.9019000000000000e-02
zone-cycles/cpu_second = 3.8374857851752301e+05
tlim=2.5000000000000000e-01 nlim=-1

zone-cycles = 11136
cpu time used  = 2.5538999999999999e-02
zone-cycles/cpu_second = 4.3603899917772820e+05
tlim=2.5000000000000000e-01 nlim=-1

zone-cycles = 44800
cpu time used  = 7.9927999999999999e-02
zone-cycles/cpu_second = 5.6050445400860778e+05
tlim=2.5000000000000000e-01 nlim=-1

zone-cycles = 44800
cpu time used  = 7.7075000000000005e-02
zone-cycles/cpu_second = 5.8125202724618872e+05
tlim=2.5000000000000000e-01 nlim=-1

zone-cycles = 44800
cpu time used  = 7.7106999999999995e-02
zone-cycles/cpu_second = 5.8101080316962150e+05
tlim=2.5000000000000000e-01 nlim=-1

zone-cycles = 44800
cpu time used  = 5.5579999999999997e-02
zone-cycles/cpu_second = 8.0604534005037788e+05
tlim=2.5000000000000000e-01 nlim=-1

zone-cycles = 44800
cpu time used  = 5.7366000000000000e-02
zone-cycles/cpu_second = 7.8095038873200153e+05
tlim=2.5000000000000000e-01 nlim=-1

zone-cycles = 44800
cpu time used  = 5.4559000000000003e-02
zone-cycles/cpu_second = 8.2112941952748399e+05
tlim=2.5000000000000000e-01 nlim=-1

zone-cycles = 44800
cpu time used  = 4.5637999999999998e-02
zone-cycles/cpu_second = 9.8163810859371582e+05
tlim=2.5000000000000000e-01 nlim=-1

zone-cycles = 44800
cpu time used  = 3.7199000000000003e-02
zone-cycles/cpu_second = 1.2043334498239199e+06
tlim=2.5000000000000000e-01 nlim=-1

zone-cycles = 44800
cpu time used  = 4.3963000000000002e-02
zone-cycles/cpu_second = 1.0190387371198507e+06
tlim=2.5000000000000000e-01 nlim=-1

zone-cycles = 179200
cpu time used  = 1.7933199999999999e-01
zone-cycles/cpu_second = 9.9926393504784431e+05
tlim=2.5000000000000000e-01 nlim=-1

zone-cycles = 179200
cpu time used  = 1.7595500000000000e-01
zone-cycles/cpu_second = 1.0184422153391492e+06
tlim=2.5000000000000000e-01 nlim=-1

zone-cycles = 179200
cpu time used  = 1.7489600000000000e-01
zone-cycles/cpu_second = 1.0246089104382033e+06
tlim=2.5000000000000000e-01 nlim=-1

zone-cycles = 179200
cpu time used  = 1.0615800000000000e-01
zone-cycles/cpu_second = 1.6880498879029371e+06
tlim=2.5000000000000000e-01 nlim=-1

zone-cycles = 179200
cpu time used  = 1.0609300000000001e-01
zone-cycles/cpu_second = 1.6890841054546481e+06
tlim=2.5000000000000000e-01 nlim=-1

zone-cycles = 179200
cpu time used  = 1.0746300000000000e-01
zone-cycles/cpu_second = 1.6675506918660377e+06
tlim=2.5000000000000000e-01 nlim=-1

zone-cycles = 179200
cpu time used  = 7.0711999999999997e-02
zone-cycles/cpu_second = 2.5342233284308179e+06
tlim=2.5000000000000000e-01 nlim=-1

zone-cycles = 179200
cpu time used  = 7.0630999999999999e-02
zone-cycles/cpu_second = 2.5371295889906697e+06
tlim=2.5000000000000000e-01 nlim=-1

zone-cycles = 179200
cpu time used  = 6.3588000000000006e-02
zone-cycles/cpu_second = 2.8181417877586964e+06
