Traceback (most recent call last):
  File "/lustrefs/disk/project/pv915002-hpcign/wdiazcar/real-benchmarks-20260926/envs/science/lib/python3.12/site-packages/sunpy/map/map_factory.py", line 110, in _read_file
    filetype = detect_filetype(fname)
               ^^^^^^^^^^^^^^^^^^^^^^
  File "/lustrefs/disk/project/pv915002-hpcign/wdiazcar/real-benchmarks-20260926/envs/science/lib/python3.12/site-packages/sunpy/io/_file_tools.py", line 259, in detect_filetype
    raise UnrecognizedFileTypeError("The requested filetype is not currently supported by sunpy.")
sunpy.io._file_tools.UnrecognizedFileTypeError: The requested filetype is not currently supported by sunpy.

The above exception was the direct cause of the following exception:

Traceback (most recent call last):
  File "/lustrefs/disk/project/pv915002-hpcign/wdiazcar/real-benchmarks-20260926/scripts/science.py", line 60, in <module>
    solar=sunpy.map.Map(filename)
          ^^^^^^^^^^^^^^^^^^^^^^^
  File "/lustrefs/disk/project/pv915002-hpcign/wdiazcar/real-benchmarks-20260926/envs/science/lib/python3.12/site-packages/sunpy/map/map_factory.py", line 307, in __call__
    data_header_pairs = self._parse_args(*args, allow_errors=allow_errors, **kwargs)
                        ^^^^^^^^^^^^^^^^^^^^^^^^^^^^^^^^^^^^^^^^^^^^^^^^^^^^^^^^^^^^
  File "/lustrefs/disk/project/pv915002-hpcign/wdiazcar/real-benchmarks-20260926/envs/science/lib/python3.12/site-packages/sunpy/map/map_factory.py", line 232, in _parse_args
    data_header_pairs += self._parse_arg(arg, allow_errors=allow_errors, **kwargs)
                         ^^^^^^^^^^^^^^^^^^^^^^^^^^^^^^^^^^^^^^^^^^^^^^^^^^^^^^^^^
  File "/project/pv915002-hpcign/wdiazcar/hpc-ignite-rerun-20260925/envs/hpc-mesa-3.5.1/lib/python3.12/functools.py", line 949, in _method
    return method.__get__(obj, cls)(*args, **kwargs)
           ^^^^^^^^^^^^^^^^^^^^^^^^^^^^^^^^^^^^^^^^^
  File "/lustrefs/disk/project/pv915002-hpcign/wdiazcar/real-benchmarks-20260926/envs/science/lib/python3.12/site-packages/sunpy/map/map_factory.py", line 273, in _parse_path
    return parse_path(arg, self._read_file, **kwargs)
           ^^^^^^^^^^^^^^^^^^^^^^^^^^^^^^^^^^^^^^^^^^
  File "/lustrefs/disk/project/pv915002-hpcign/wdiazcar/real-benchmarks-20260926/envs/science/lib/python3.12/site-packages/sunpy/util/io.py", line 50, in parse_path
    return f(path, **kwargs)
           ^^^^^^^^^^^^^^^^^
  File "/lustrefs/disk/project/pv915002-hpcign/wdiazcar/real-benchmarks-20260926/envs/science/lib/python3.12/site-packages/sunpy/map/map_factory.py", line 128, in _read_file
    raise OSError(msg) from e
OSError: Failed to read /project/pv915002-hpcign/wdiazcar/real-benchmarks-20260926/inputs/AIA171.fits
The requested filetype is not currently supported by sunpy.
 If you want to bypass these errors, pass `allow_errors=True`.
