INFO:    underlay of /etc/localtime required more than 50 (95) bind mounts
/*---------------------------------------------------------------------------*\
| =========                 |                                                 |
| \\      /  F ield         | OpenFOAM: The Open Source CFD Toolbox           |
|  \\    /   O peration     | Version:  2512                                  |
|   \\  /    A nd           | Website:  www.openfoam.com                      |
|    \\/     M anipulation  |                                                 |
\*---------------------------------------------------------------------------*/
Build  : _87ed40d2-20251219 OPENFOAM=2512 version=2512
Arch   : "LSB;label=32;scalar=64"
Exec   : reconstructPar -case /project/pv915002-hpcign/wdiazcar/real-benchmarks-20260926/results/cfd-6340350/n20-p2-r1
Date   : Sep 26 2026
Time   : 12:32:07
Host   : x1001c3s7b0n1
PID    : 2390156
I/O    : uncollated
Case   : /project/pv915002-hpcign/wdiazcar/real-benchmarks-20260926/results/cfd-6340350/n20-p2-r1
nProcs : 1
trapFpe: Floating point exception trapping enabled (FOAM_SIGFPE).
memory pool : not available
fileModificationChecking : Monitoring run-time modified files using timeStampMaster (fileModificationSkew 5, maxFileModificationPolls 20)
allowSystemOperations : Allowing user-supplied system call operations

// * * * * * * * * * * * * * * * * * * * * * * * * * * * * * * * * * * * * * //
Create time



Reconstructing fields
region=region0

Time = 0.5

Reconstructing FV fields

    Reconstructing volScalarFields

        p

    Reconstructing volVectorFields

        U

    Reconstructing surfaceScalarFields

        phi

Reconstructing point fields

No point fields

No lagrangian fields

No finite-area fields

Time = 1

Reconstructing FV fields

    Reconstructing volScalarFields

        p

    Reconstructing volVectorFields

        U

    Reconstructing surfaceScalarFields

        phi

Reconstructing point fields

No point fields

No lagrangian fields

No finite-area fields

Time = 1.5

Reconstructing FV fields

    Reconstructing volScalarFields

        p

    Reconstructing volVectorFields

        U

    Reconstructing surfaceScalarFields

        phi

Reconstructing point fields

No point fields

No lagrangian fields

No finite-area fields

Time = 2

Reconstructing FV fields

    Reconstructing volScalarFields

        p

    Reconstructing volVectorFields

        U

    Reconstructing surfaceScalarFields

        phi

Reconstructing point fields

No point fields

No lagrangian fields

No finite-area fields

Time = 2.5

Reconstructing FV fields

    Reconstructing volScalarFields

        p

    Reconstructing volVectorFields

        U

    Reconstructing surfaceScalarFields

        phi

Reconstructing point fields

No point fields

No lagrangian fields

No finite-area fields

Time = 3

Reconstructing FV fields

    Reconstructing volScalarFields

        p

    Reconstructing volVectorFields

        U

    Reconstructing surfaceScalarFields

        phi

Reconstructing point fields

No point fields

No lagrangian fields

No finite-area fields

Time = 3.5

Reconstructing FV fields

    Reconstructing volScalarFields

        p

    Reconstructing volVectorFields

        U

    Reconstructing surfaceScalarFields

        phi

Reconstructing point fields

No point fields

No lagrangian fields

No finite-area fields

Time = 4

Reconstructing FV fields

    Reconstructing volScalarFields

        p

    Reconstructing volVectorFields

        U

    Reconstructing surfaceScalarFields

        phi

Reconstructing point fields

No point fields

No lagrangian fields

No finite-area fields

Time = 4.5

Reconstructing FV fields

    Reconstructing volScalarFields

        p

    Reconstructing volVectorFields

        U

    Reconstructing surfaceScalarFields

        phi

Reconstructing point fields

No point fields

No lagrangian fields

No finite-area fields

Time = 5

Reconstructing FV fields

    Reconstructing volScalarFields

        p

    Reconstructing volVectorFields

        U

    Reconstructing surfaceScalarFields

        phi

Reconstructing point fields

No point fields

No lagrangian fields

No finite-area fields


End

