INFO:    underlay of /etc/localtime required more than 50 (95) bind mounts
/*---------------------------------------------------------------------------*\
| =========                 |                                                 |
| \\      /  F ield         | OpenFOAM: The Open Source CFD Toolbox           |
|  \\    /   O peration     | Version:  2512                                  |
|   \\  /    A nd           | Website:  www.openfoam.com                      |
|    \\/     M anipulation  |                                                 |
\*---------------------------------------------------------------------------*/
Build  : _87ed40d2-20251219 OPENFOAM=2512 version=2512
Arch   : "LSB;label=32;scalar=64"
Exec   : decomposePar -case /project/pv915002-hpcign/wdiazcar/real-benchmarks-20260926/results/cfd-6340350/n80-p2-r1
Date   : Sep 26 2026
Time   : 12:36:12
Host   : x1001c3s7b0n1
PID    : 2441723
I/O    : uncollated
Case   : /project/pv915002-hpcign/wdiazcar/real-benchmarks-20260926/results/cfd-6340350/n80-p2-r1
nProcs : 1
trapFpe: Floating point exception trapping enabled (FOAM_SIGFPE).
memory pool : not available
fileModificationChecking : Monitoring run-time modified files using timeStampMaster (fileModificationSkew 5, maxFileModificationPolls 20)
allowSystemOperations : Allowing user-supplied system call operations

// * * * * * * * * * * * * * * * * * * * * * * * * * * * * * * * * * * * * * //
Create time



Decomposing mesh

Create mesh

Calculating distribution of cells
Decomposition method simple [2] (region region0)

Finished decomposition in 0 s

Calculating original mesh data

Distributing cells to processors

Distributing faces to processors

Distributing points to processors

Constructing processor meshes

Processor 0
    Number of cells = 3200
    Number of points = 6642
    Number of faces shared with processor 1 = 80
    Number of processor patches = 1
    Number of processor faces = 80
    Number of boundary faces = 6560

Processor 1
    Number of cells = 3200
    Number of points = 6642
    Number of faces shared with processor 0 = 80
    Number of processor patches = 1
    Number of processor faces = 80
    Number of boundary faces = 6560

Number of processor faces = 80
Max number of cells = 3200 (0% above average 3200)
Max number of processor patches = 1 (0% above average 1)
Max number of faces between processors = 80 (0% above average 80)

Time = 0

Processor 0: field transfer
Processor 1: field transfer

End

