
running: check_fortran_compiler
 ftn -fallow-argument-mismatch -fno-range-check -fno-second-underscore -fconvert=big-endian -O2 -funroll-loops -c genmake_tcomp.f
 ftn -fallow-argument-mismatch -fno-range-check -fno-second-underscore -fconvert=big-endian -O2 -funroll-loops -o genmake_tcomp genmake_tcomp.o

 Warning: MPI run command not found ==> skip run-test check
 --> set FC_CHECK= 4 /5

running: look_for_makedepend()
 --> set MAKEDEPEND=$(TOOLSDIR)/xmakedepend

running: check_HAVE_CLOC()
 running: get_fortran_c_namemangling()
 cc -O2 -c genmake_test.c
genmake_test.c: In function ‘tcall’:
genmake_test.c:1:31: error: implicit declaration of function ‘tsub’ [-Wimplicit-function-declaration]
    1 | void tcall( char * string ) { tsub( string ); }
      |                               ^~~~

 WARNING: C test compile fails
 WARNING: We'll try to use: FC_NAMEMANGLE='#define FC_NAMEMANGLE(X) X ## _'
 WARNING: Please contact <MITgcm-support@mitgcm.org> if you need help here
cc -O2 -c genmake_tc_1.c
ftn -fallow-argument-mismatch -fno-range-check -fno-second-underscore -fconvert=big-endian -o genmake_tc genmake_tc_2.f genmake_tc_1.o
  HELLO WORLD   1790400537.4539859     
 --> set HAVE_CLOC='t'

running: check_HAVE_SETRLSTK()
cc -O2 -c genmake_tc_1.c
      program hello
      external setrlstk
      call setrlstk()
      end
ftn -fallow-argument-mismatch -fno-range-check -fno-second-underscore -fconvert=big-endian -o genmake_tc genmake_tc_2.f genmake_tc_1.o
 --> set HAVE_SETRLSTK='t'

running: check_HAVE_SIGREG()
cc -O2 -c genmake_tc_1.c
genmake_tc_1.c:11:44: warning: ‘struct ucontext’ declared inside parameter list will not be visible outside of this definition or declaration
   11 |     unsigned int sn, siginfo_t  si, struct ucontext *sc )
      |                                            ^~~~~~~~
      program hello
      integer anint
      common /iv/ anint
      external sigreg
      call sigreg(anint)
      end
ftn -fallow-argument-mismatch -fno-range-check -fno-second-underscore -fconvert=big-endian -o genmake_tc genmake_tc_2.f genmake_tc_1.o
 --> set HAVE_SIGREG='t'

running: check_HAVE_STAT()
cc -O2 -c genmake_tc_1.c
      program hello
      integer nbyte
      call tfsize(nbyte)
      print *," HELLO WORLD", nbyte
      end
ftn -fallow-argument-mismatch -fno-range-check -fno-second-underscore -fconvert=big-endian -o genmake_tc genmake_tc_2.f genmake_tc_1.o
 --> set HAVE_STAT='t'

running: check_netcdf_libs()
===  genmake_tnc.F  >>>
      program fgennc
#include "netcdf.inc"
      integer iret, ncid, xid
      iret = nf_create('genmake_tnc.nc', NF_CLOBBER, ncid)
      IF (iret .NE. NF_NOERR) write(*,*) NF_STRERROR(iret)
      iret = nf_def_dim(ncid, 'X', 11, xid)
      IF (iret .NE. NF_NOERR) write(*,*) NF_STRERROR(iret)
      iret = nf_close(ncid)
      IF (iret .NE. NF_NOERR) write(*,*) NF_STRERROR(iret)
      end
<<<  genmake_tnc.F  ===
cat genmake_tnc.F |  cpp -traditional -P -DWORDLENGTH=4 -DNML_TERMINATOR -DALLOW_USE_MPI -DHAVE_SYSTEM -DHAVE_FDATE -DHAVE_ETIME_SBR -DHAVE_CLOC -DHAVE_SETRLSTK -DHAVE_SIGREG -DHAVE_STAT -I/opt/cray/pe/mpich/8.1.32/ofi/gnu/12.3/include
  WARNING: CPP failed to pre-process the netcdf test.
    Please check that $INCLUDES is properly set.
ftn -fallow-argument-mismatch -fno-range-check -fno-second-underscore -fconvert=big-endian -O2 -funroll-loops -c genmake_tnc.f  \ 
  &&  ftn -fallow-argument-mismatch -fno-range-check -fno-second-underscore -fconvert=big-endian -O2 -funroll-loops -o genmake_tnc genmake_tnc.o 
f951: Error: Unexpected end of file in ‘genmake_tnc.f’

==> try again with added '-lnetcdf'
cat genmake_tnc.F |  cpp -traditional -P -DWORDLENGTH=4 -DNML_TERMINATOR -DALLOW_USE_MPI -DHAVE_SYSTEM -DHAVE_FDATE -DHAVE_ETIME_SBR -DHAVE_CLOC -DHAVE_SETRLSTK -DHAVE_SIGREG -DHAVE_STAT -I/opt/cray/pe/mpich/8.1.32/ofi/gnu/12.3/include > genmake_tnc.f \ 
 &&  ftn -fallow-argument-mismatch -fno-range-check -fno-second-underscore -fconvert=big-endian -O2 -funroll-loops -c genmake_tnc.f \ 
 &&  ftn -fallow-argument-mismatch -fno-range-check -fno-second-underscore -fconvert=big-endian -O2 -funroll-loops -o genmake_tnc genmake_tnc.o  -lnetcdf

==> try again with added '-lnetcdff -lnetcdf'
cat genmake_tnc.F |  cpp -traditional -P -DWORDLENGTH=4 -DNML_TERMINATOR -DALLOW_USE_MPI -DHAVE_SYSTEM -DHAVE_FDATE -DHAVE_ETIME_SBR -DHAVE_CLOC -DHAVE_SETRLSTK -DHAVE_SIGREG -DHAVE_STAT -I/opt/cray/pe/mpich/8.1.32/ofi/gnu/12.3/include > genmake_tnc.f \ 
 &&  ftn -fallow-argument-mismatch -fno-range-check -fno-second-underscore -fconvert=big-endian -O2 -funroll-loops -c genmake_tnc.f \ 
 &&  ftn -fallow-argument-mismatch -fno-range-check -fno-second-underscore -fconvert=big-endian -O2 -funroll-loops -o genmake_tnc genmake_tnc.o  -lnetcdff -lnetcdf
 --> set HAVE_NETCDF=''

running: check_HAVE_FLUSH()
  check_HAVE_FLUSH: successful
 --> set HAVE_FLUSH='t'
