
Setup complete, entering main loop...

cycle=0 time=0.0000000000000000e+00 dt=5.2822140920532291e-03
cycle=1 time=5.2822140920532291e-03 dt=3.0233212064047026e-03
cycle=2 time=8.3055352984579313e-03 dt=3.0088584020302625e-03
cycle=3 time=1.1314393700488194e-02 dt=3.0420690678390990e-03
cycle=4 time=1.4356462768327293e-02 dt=3.0680420283857178e-03
cycle=5 time=1.7424504796713012e-02 dt=2.9369473132697141e-03
cycle=6 time=2.0361452109982726e-02 dt=2.9483144346514139e-03
cycle=7 time=2.3309766544634139e-02 dt=2.9092145005074829e-03
cycle=8 time=2.6218981045141622e-02 dt=2.8702025140839704e-03
cycle=9 time=2.9089183559225594e-02 dt=2.8593549892959244e-03
cycle=10 time=3.1948538548521518e-02 dt=2.8391897057201691e-03
cycle=11 time=3.4787728254241687e-02 dt=2.8449673793083997e-03
cycle=12 time=3.7632695633550088e-02 dt=2.8216626196111909e-03
cycle=13 time=4.0454358253161279e-02 dt=2.8272122225270362e-03
cycle=14 time=4.3281570475688314e-02 dt=2.8176626463242665e-03
cycle=15 time=4.6099233122012577e-02 dt=2.8160723166864980e-03
cycle=16 time=4.8915305438699076e-02 dt=2.8177588559017090e-03
cycle=17 time=5.1733064294600783e-02 dt=2.8151478173110891e-03
cycle=18 time=5.4548212111911874e-02 dt=2.8193255217620022e-03
cycle=19 time=5.7367537633673873e-02 dt=2.8173845934284358e-03
cycle=20 time=6.0184922227102311e-02 dt=2.8197904839053281e-03
cycle=21 time=6.3004712711007632e-02 dt=2.8211324078346060e-03
cycle=22 time=6.5825845118842236e-02 dt=2.8220113020701663e-03
cycle=23 time=6.8647856420912395e-02 dt=2.8237377944944709e-03
cycle=24 time=7.1471594215406872e-02 dt=2.8246893336476581e-03
cycle=25 time=7.4296283549054529e-02 dt=2.8268679973346201e-03
cycle=26 time=7.7123151546389143e-02 dt=2.8275526965757113e-03
cycle=27 time=7.9950704242964854e-02 dt=2.8299326238818644e-03
cycle=28 time=8.2780636866846724e-02 dt=2.8310106878824503e-03
cycle=29 time=8.5611647554729178e-02 dt=2.8327778988295224e-03
cycle=30 time=8.8444425453558698e-02 dt=2.8340141583876799e-03
cycle=31 time=9.1278439611946371e-02 dt=2.8363806263414751e-03
cycle=32 time=9.4114820238287850e-02 dt=2.8374289904120817e-03
cycle=33 time=9.6952249228699938e-02 dt=2.8390171295880548e-03
cycle=34 time=9.9791266358288000e-02 dt=2.8400511398880730e-03
cycle=35 time=1.0263131749817607e-01 dt=2.8409946953890496e-03
cycle=36 time=1.0547231219356512e-01 dt=2.8415209473592312e-03
cycle=37 time=1.0831383314092435e-01 dt=2.8418426765998840e-03
cycle=38 time=1.1115567581752424e-01 dt=2.8419972365917850e-03
cycle=39 time=1.1399767305411602e-01 dt=2.8422250220750240e-03
cycle=40 time=1.1683989807619105e-01 dt=2.8424866724274188e-03
cycle=41 time=1.1968238474861848e-01 dt=2.8425942037384783e-03
cycle=42 time=1.2252497895235695e-01 dt=2.8428469890176295e-03
cycle=43 time=1.2536782594137458e-01 dt=2.8430314217670512e-03
cycle=44 time=1.2821085736314164e-01 dt=2.8431506800984333e-03
cycle=45 time=1.3105400804324008e-01 dt=2.8434274311919493e-03
cycle=46 time=1.3389743547443203e-01 dt=2.8434954876133001e-03
cycle=47 time=1.3674093096204534e-01 dt=2.8436575613418982e-03
cycle=48 time=1.3958458852338723e-01 dt=2.8438406411902899e-03
cycle=49 time=1.4242842916457751e-01 dt=2.8439367134058782e-03
cycle=50 time=1.4527236587798339e-01 dt=2.8441430532041554e-03
cycle=51 time=1.4811650893118755e-01 dt=2.8442775939946756e-03
cycle=52 time=1.5096078652518222e-01 dt=2.8444004520291675e-03
cycle=53 time=1.5380518697721138e-01 dt=2.8446217264478683e-03
cycle=54 time=1.5664980870365924e-01 dt=2.8447056789570506e-03
cycle=55 time=1.5949451438261630e-01 dt=2.8448454193410839e-03
cycle=56 time=1.6233935980195738e-01 dt=2.8449917816021318e-03
cycle=57 time=1.6518435158355951e-01 dt=2.8450827718045830e-03
cycle=58 time=1.6802943435536410e-01 dt=2.8452368908315055e-03
cycle=59 time=1.7087467124619560e-01 dt=2.8453521792498456e-03
cycle=60 time=1.7372002342544543e-01 dt=2.8454413890379813e-03
cycle=61 time=1.7656546481448340e-01 dt=2.8456038783018891e-03
cycle=62 time=1.7941106869278528e-01 dt=2.8456919415951010e-03
cycle=63 time=1.8225676063438037e-01 dt=2.8457767180831046e-03
cycle=64 time=1.8510253735246349e-01 dt=2.8459240628257824e-03
cycle=65 time=1.8794846141528926e-01 dt=2.8459716003862399e-03
cycle=66 time=1.9079443301567550e-01 dt=2.8460593034033443e-03
cycle=67 time=1.9364049231907884e-01 dt=2.8461756094274003e-03
cycle=68 time=1.9648666792850625e-01 dt=2.8462200542774107e-03
cycle=69 time=1.9933288798278365e-01 dt=2.8463161425678423e-03
cycle=70 time=2.0217920412535148e-01 dt=2.8464108917302163e-03
cycle=71 time=2.0502561501708169e-01 dt=2.8464568667404158e-03
cycle=72 time=2.0787207188382212e-01 dt=2.8465661017916255e-03
cycle=73 time=2.1071863798561374e-01 dt=2.8466391463814983e-03
cycle=74 time=2.1356527713199525e-01 dt=2.8466895200734031e-03
cycle=75 time=2.1641196665206866e-01 dt=2.8468038939857259e-03
cycle=76 time=2.1925877054605439e-01 dt=2.8468279193943416e-03
cycle=77 time=2.2210559846544872e-01 dt=2.8468875686615772e-03
cycle=78 time=2.2495248603411030e-01 dt=2.8469826203482997e-03
cycle=79 time=2.2779946865445860e-01 dt=2.8470103897291436e-03
cycle=80 time=2.3064647904418775e-01 dt=2.8470805277103634e-03
cycle=81 time=2.3349355957189810e-01 dt=2.8471562077544595e-03
cycle=82 time=2.3634071577965257e-01 dt=2.8471885043577401e-03
cycle=83 time=2.3918790428401032e-01 dt=2.8472703371442793e-03
cycle=84 time=2.4203517462115459e-01 dt=2.8473304979174403e-03
cycle=85 time=2.4488250511907203e-01 dt=2.8473681568727217e-03
cycle=86 time=2.4772987327594476e-01 dt=2.2701267240552436e-03
cycle=87 time=2.5000000000000000e-01 dt=2.8474749238418342e-03

Terminating on time limit
time=2.5000000000000000e-01 cycle=87
tlim=2.5000000000000000e-01 nlim=-1

zone-cycles = 11136
cpu time used  = 2.9019000000000000e-02
zone-cycles/cpu_second = 3.8374857851752301e+05
