
Setup complete, entering main loop...

cycle=0 time=0.0000000000000000e+00 dt=2.6411070460266146e-03
cycle=1 time=2.6411070460266146e-03 dt=1.5116606032023513e-03
cycle=2 time=4.1527676492289656e-03 dt=1.5044292010151312e-03
cycle=3 time=5.6571968502440971e-03 dt=1.5210345339195495e-03
cycle=4 time=7.1782313841636464e-03 dt=1.5340210141928589e-03
cycle=5 time=8.7122523983565060e-03 dt=1.4684736566348570e-03
cycle=6 time=1.0180726054991363e-02 dt=1.4741572173257069e-03
cycle=7 time=1.1654883272317069e-02 dt=1.4546072502537415e-03
cycle=8 time=1.3109490522570811e-02 dt=1.4351012570419852e-03
cycle=9 time=1.4544591779612797e-02 dt=1.4296774946479622e-03
cycle=10 time=1.5974269274260759e-02 dt=1.4195948528600846e-03
cycle=11 time=1.7393864127120844e-02 dt=1.4224836896541998e-03
cycle=12 time=1.8816347816775044e-02 dt=1.4108313098055954e-03
cycle=13 time=2.0227179126580640e-02 dt=1.4136061112635181e-03
cycle=14 time=2.1640785237844157e-02 dt=1.4088313231621333e-03
cycle=15 time=2.3049616561006289e-02 dt=1.4080361583432490e-03
cycle=16 time=2.4457652719349538e-02 dt=1.4088794279508545e-03
cycle=17 time=2.5866532147300392e-02 dt=1.4075739086555445e-03
cycle=18 time=2.7274106055955937e-02 dt=1.4096627608810011e-03
cycle=19 time=2.8683768816836937e-02 dt=1.4086922967142179e-03
cycle=20 time=3.0092461113551155e-02 dt=1.4098952419526641e-03
cycle=21 time=3.1502356355503816e-02 dt=1.4105662039173030e-03
cycle=22 time=3.2912922559421118e-02 dt=1.4110056510350832e-03
cycle=23 time=3.4323928210456198e-02 dt=1.4118688972472354e-03
cycle=24 time=3.5735797107703436e-02 dt=1.4123446668238291e-03
cycle=25 time=3.7148141774527264e-02 dt=1.4134339986673101e-03
cycle=26 time=3.8561575773194572e-02 dt=1.4137763482878556e-03
cycle=27 time=3.9975352121482427e-02 dt=1.4149663119409322e-03
cycle=28 time=4.1390318433423362e-02 dt=1.4155053439412252e-03
cycle=29 time=4.2805823777364589e-02 dt=1.4163889494147612e-03
cycle=30 time=4.4222212726779349e-02 dt=1.4170070791938399e-03
cycle=31 time=4.5639219805973186e-02 dt=1.4181903131707376e-03
cycle=32 time=4.7057410119143925e-02 dt=1.4187144952060408e-03
cycle=33 time=4.8476124614349969e-02 dt=1.4195085647940274e-03
cycle=34 time=4.9895633179144000e-02 dt=1.4200255699440365e-03
cycle=35 time=5.1315658749088035e-02 dt=1.4204973476945248e-03
cycle=36 time=5.2736156096782560e-02 dt=1.4207604736796156e-03
cycle=37 time=5.4156916570462177e-02 dt=1.4209213382999420e-03
cycle=38 time=5.5577837908762119e-02 dt=1.4209986182958925e-03
cycle=39 time=5.6998836527058012e-02 dt=1.4211125110375120e-03
cycle=40 time=5.8419949038095526e-02 dt=1.4212433362137094e-03
cycle=41 time=5.9841192374309238e-02 dt=1.4212971018692391e-03
cycle=42 time=6.1262489476178475e-02 dt=1.4214234945088148e-03
cycle=43 time=6.2683912970687289e-02 dt=1.4215157108835256e-03
cycle=44 time=6.4105428681570820e-02 dt=1.4215753400492167e-03
cycle=45 time=6.5527004021620039e-02 dt=1.4217137155959746e-03
cycle=46 time=6.6948717737216015e-02 dt=1.4217477438066501e-03
cycle=47 time=6.8370465481022671e-02 dt=1.4218287806709491e-03
cycle=48 time=6.9792294261693616e-02 dt=1.4219203205951450e-03
cycle=49 time=7.1214214582288757e-02 dt=1.4219683567029391e-03
cycle=50 time=7.2636182938991697e-02 dt=1.4220715266020777e-03
cycle=51 time=7.4058254465593776e-02 dt=1.4221387969973378e-03
cycle=52 time=7.5480393262591108e-02 dt=1.4222002260145838e-03
cycle=53 time=7.6902593488605689e-02 dt=1.4223108632239342e-03
cycle=54 time=7.8324904351829622e-02 dt=1.4223528394785253e-03
cycle=55 time=7.9747257191308152e-02 dt=1.4224227096705420e-03
cycle=56 time=8.1169679900978689e-02 dt=1.4224958908010659e-03
cycle=57 time=8.2592175791779757e-02 dt=1.4225413859022915e-03
cycle=58 time=8.4014717177682052e-02 dt=1.4226184454157527e-03
cycle=59 time=8.5437335623097799e-02 dt=1.4226760896249228e-03
cycle=60 time=8.6860011712722715e-02 dt=1.4227206945189906e-03
cycle=61 time=8.8282732407241701e-02 dt=1.4228019391509445e-03
cycle=62 time=8.9705534346392640e-02 dt=1.4228459707975505e-03
cycle=63 time=9.1128380317190186e-02 dt=1.4228883590415523e-03
cycle=64 time=9.2551268676231743e-02 dt=1.4229620314128912e-03
cycle=65 time=9.3974230707644629e-02 dt=1.4229858001931200e-03
cycle=66 time=9.5397216507837751e-02 dt=1.4230296517016721e-03
cycle=67 time=9.6820246159539422e-02 dt=1.4230878047137002e-03
cycle=68 time=9.8243333964253124e-02 dt=1.4231100271387053e-03
cycle=69 time=9.9666443991391823e-02 dt=1.4231580712839211e-03
cycle=70 time=1.0108960206267574e-01 dt=1.4232054458651082e-03
cycle=71 time=1.0251280750854085e-01 dt=1.4232284333702079e-03
cycle=72 time=1.0393603594191106e-01 dt=1.4232830508958128e-03
cycle=73 time=1.0535931899280687e-01 dt=1.4233195731907491e-03
cycle=74 time=1.0678263856599762e-01 dt=1.4233447600367015e-03
cycle=75 time=1.0820598332603433e-01 dt=1.4234019469928630e-03
cycle=76 time=1.0962938527302719e-01 dt=1.4234139596971708e-03
cycle=77 time=1.1105279923272436e-01 dt=1.4234437843307886e-03
cycle=78 time=1.1247624301705515e-01 dt=1.4234913101741499e-03
cycle=79 time=1.1389973432722930e-01 dt=1.4235051948645718e-03
cycle=80 time=1.1532323952209388e-01 dt=1.4235402638551817e-03
cycle=81 time=1.1674677978594905e-01 dt=1.4235781038772297e-03
cycle=82 time=1.1817035788982629e-01 dt=1.4235942521788700e-03
cycle=83 time=1.1959395214200516e-01 dt=1.4236351685721397e-03
cycle=84 time=1.2101758731057730e-01 dt=1.4236652489587201e-03
cycle=85 time=1.2244125255953602e-01 dt=1.4236840784363609e-03
cycle=86 time=1.2386493663797238e-01 dt=1.4237312477838357e-03
cycle=87 time=1.2528866788575621e-01 dt=1.4237403529673758e-03
cycle=88 time=1.2671240823872360e-01 dt=1.4237633898752384e-03
cycle=89 time=1.2813617162859883e-01 dt=1.4238019002142512e-03
cycle=90 time=1.2955997352881307e-01 dt=1.4238129680672427e-03
cycle=91 time=1.3098378649688031e-01 dt=1.4238402901012139e-03
cycle=92 time=1.3240762678698151e-01 dt=1.4238714234830561e-03
cycle=93 time=1.3383149821046456e-01 dt=1.4238842881184794e-03
cycle=94 time=1.3525538249858304e-01 dt=1.4239157523159101e-03
cycle=95 time=1.3667929825089895e-01 dt=1.4239406884509669e-03
cycle=96 time=1.3810323893934992e-01 dt=1.4239551817237124e-03
cycle=97 time=1.3952719412107364e-01 dt=1.4239944682040700e-03
cycle=98 time=1.4095118858927771e-01 dt=1.4240034369979743e-03
cycle=99 time=1.4237519202627569e-01 dt=1.4240203228526845e-03
cycle=100 time=1.4379921234912837e-01 dt=1.4240529752805391e-03
cycle=101 time=1.4522326532440891e-01 dt=1.4240608553285990e-03
cycle=102 time=1.4664732617973750e-01 dt=1.4240807158810583e-03
cycle=103 time=1.4807140689561857e-01 dt=1.4241076454911280e-03
cycle=104 time=1.4949551454110971e-01 dt=1.4241167006755497e-03
cycle=105 time=1.5091963124178526e-01 dt=1.4241396587548936e-03
cycle=106 time=1.5234377090054016e-01 dt=1.4241616203561173e-03
cycle=107 time=1.5376793252089627e-01 dt=1.4241719473913105e-03
cycle=108 time=1.5519210446828757e-01 dt=1.4241987302059304e-03
cycle=109 time=1.5661630319849351e-01 dt=1.4242146162421858e-03
cycle=110 time=1.5804051781473569e-01 dt=1.4242264013208219e-03
cycle=111 time=1.5946474421605650e-01 dt=1.4242550773469701e-03
cycle=112 time=1.6088899929340347e-01 dt=1.4242604628644578e-03
cycle=113 time=1.6231325975626792e-01 dt=1.4242746220337729e-03
cycle=114 time=1.6373753437830169e-01 dt=1.4242986412468220e-03
cycle=115 time=1.6516183301954851e-01 dt=1.4243049996713860e-03
cycle=116 time=1.6658613801921990e-01 dt=1.4243215881489450e-03
cycle=117 time=1.6801045960736885e-01 dt=1.4243413726273109e-03
cycle=118 time=1.6943480097999616e-01 dt=1.4243487585970027e-03
cycle=119 time=1.7085914973859317e-01 dt=1.4243678395972740e-03
cycle=120 time=1.7228351757819044e-01 dt=1.4243840305433035e-03
cycle=121 time=1.7370790160873373e-01 dt=1.4243924614741933e-03
cycle=122 time=1.7513229407020792e-01 dt=1.4244158865308358e-03
cycle=123 time=1.7655670995673875e-01 dt=1.4244237160641873e-03
cycle=124 time=1.7798113367280294e-01 dt=1.4244335828962470e-03
cycle=125 time=1.7940556725569917e-01 dt=1.4244554178679081e-03
cycle=126 time=1.8083002267356707e-01 dt=1.4244597810355811e-03
cycle=127 time=1.8225448245460266e-01 dt=1.4244715102607747e-03
cycle=128 time=1.8367895396486345e-01 dt=1.4244898187154935e-03
cycle=129 time=1.8510344378357893e-01 dt=1.4244949608402868e-03
cycle=130 time=1.8652793874441922e-01 dt=1.4245086083752153e-03
cycle=131 time=1.8795244735279443e-01 dt=1.4245237933607311e-03
cycle=132 time=1.8937697114615515e-01 dt=1.4245297514958060e-03
cycle=133 time=1.9080150089765097e-01 dt=1.4245453660659082e-03
cycle=134 time=1.9222604626371687e-01 dt=1.4245578694772824e-03
cycle=135 time=1.9365060413319415e-01 dt=1.4245646634825824e-03
cycle=136 time=1.9507516879667675e-01 dt=1.4245842906663378e-03
cycle=137 time=1.9649975308734308e-01 dt=1.4245886026290240e-03
cycle=138 time=1.9792434168997211e-01 dt=1.4245966758950229e-03
cycle=139 time=1.9934893836586715e-01 dt=1.4246138946736183e-03
cycle=140 time=2.0077355226054078e-01 dt=1.4246173885911091e-03
cycle=141 time=2.0219816964913190e-01 dt=1.4246269572098789e-03
cycle=142 time=2.0362279660634178e-01 dt=1.4246414410344606e-03
cycle=143 time=2.0504743804737624e-01 dt=1.4246455801726551e-03
cycle=144 time=2.0647208362754890e-01 dt=1.4246566830659769e-03
cycle=145 time=2.0789674031061489e-01 dt=1.4246687765302243e-03
cycle=146 time=2.0932140908714511e-01 dt=1.4246735736328899e-03
cycle=147 time=2.1074608266077799e-01 dt=1.4246862262155165e-03
cycle=148 time=2.1217076888699352e-01 dt=1.4246962588211720e-03
cycle=149 time=2.1359546514581468e-01 dt=1.4247017056311273e-03
cycle=150 time=2.1502016685144582e-01 dt=1.4247176199094474e-03
cycle=151 time=2.1644488447135526e-01 dt=1.4247208744587645e-03
cycle=152 time=2.1786960534581404e-01 dt=1.4247273253715882e-03
cycle=153 time=2.1929433267118562e-01 dt=1.4247413772467731e-03
cycle=154 time=2.2071907404843238e-01 dt=1.4247440846854448e-03
cycle=155 time=2.2214381813311784e-01 dt=1.4247516928154295e-03
cycle=156 time=2.2356856982593326e-01 dt=1.4247636080305234e-03
cycle=157 time=2.2499333343396377e-01 dt=1.4247668206223271e-03
cycle=158 time=2.2641810025458609e-01 dt=1.4247756660828285e-03
cycle=159 time=2.2784287592066890e-01 dt=1.4247856931919010e-03
cycle=160 time=2.2926766161386081e-01 dt=1.4247894815172333e-03
cycle=161 time=2.3069245109537803e-01 dt=1.4247996495050830e-03
cycle=162 time=2.3211725074488312e-01 dt=1.4248079986192766e-03
cycle=163 time=2.3354205874350240e-01 dt=1.4248124342223635e-03
cycle=164 time=2.3496687117772475e-01 dt=1.4248251512604885e-03
cycle=165 time=2.3639169632898524e-01 dt=1.4248286390573985e-03
cycle=166 time=2.3781652496804265e-01 dt=1.4248340116441134e-03
cycle=167 time=2.3924135897968676e-01 dt=1.4248457181159219e-03
cycle=168 time=2.4066620469780270e-01 dt=1.4248481920288018e-03
cycle=169 time=2.4209105288983149e-01 dt=1.4248546356682348e-03
cycle=170 time=2.4351590752549973e-01 dt=1.4248645562391442e-03
cycle=171 time=2.4494077208173887e-01 dt=1.4248675424398205e-03
cycle=172 time=2.4636563962417868e-01 dt=1.4248749883828658e-03
cycle=173 time=2.4779051461256155e-01 dt=1.4248833647748061e-03
cycle=174 time=2.4921539797733636e-01 dt=7.8460202266364409e-04
cycle=175 time=2.5000000000000000e-01 dt=1.4248899766177965e-03

Terminating on time limit
time=2.5000000000000000e-01 cycle=175
tlim=2.5000000000000000e-01 nlim=-1

zone-cycles = 44800
cpu time used  = 3.7199000000000003e-02
zone-cycles/cpu_second = 1.2043334498239199e+06
