  Your Athena++ distribution has now been configured with the following options: 
  Problem generator:            shock_tube
  Coordinate system:            cartesian
  Equation of state:            adiabatic
  Riemann solver:               hllc
  Magnetic fields:              OFF
  Number of scalars:            0
  Number of chemical species:   0
  Special relativity:           OFF
  General relativity:           OFF
  Radiative Transfer:           OFF
  Implicit Radiation:           OFF
  Cosmic Ray Transport:         OFF
  Cosmic Ray Diffusion:         OFF
  Frame transformations:        OFF
  Self-Gravity:                 OFF
  Super-Time-Stepping:          OFF
  Chemistry:                    OFF
  KIDA rates:                   OFF
  ChemRadiation:                OFF
  chem_ode_solver:              OFF
  Debug flags:                  OFF
  Code coverage flags:          OFF
  Linker flags:                  -lm
  Floating-point precision:     double
  Number of ghost cells:        2
  MPI parallelism:              ON
  OpenMP parallelism:           OFF
  FFT:                          OFF
  HDF5 output:                  OFF
  Compiler:                     cray
  Compilation command:          CC  -O3 -std=c++11 -flto
