
Setup complete, entering main loop...

cycle=0 time=0.0000000000000000e+00 dt=1.3205535230133073e-03
cycle=1 time=1.3205535230133073e-03 dt=7.5583030160117565e-04
cycle=2 time=2.0763838246144828e-03 dt=7.5221460050756562e-04
cycle=3 time=2.8285984251220486e-03 dt=7.6051726695977476e-04
cycle=4 time=3.5891156920818232e-03 dt=7.6701050709642945e-04
cycle=5 time=4.3561261991782530e-03 dt=7.3423682831742852e-04
cycle=6 time=5.0903630274956816e-03 dt=7.3707860866285347e-04
cycle=7 time=5.8274416361585347e-03 dt=7.2730362512687073e-04
cycle=8 time=6.5547452612854055e-03 dt=7.1755062852099259e-04
cycle=9 time=7.2722958898063985e-03 dt=7.1483874732398110e-04
cycle=10 time=7.9871346371303796e-03 dt=7.0979742643004229e-04
cycle=11 time=8.6969320635604218e-03 dt=7.1124184482709992e-04
cycle=12 time=9.4081739083875220e-03 dt=7.0541565490279772e-04
cycle=13 time=1.0113589563290320e-02 dt=7.0680305563175906e-04
cycle=14 time=1.0820392618922078e-02 dt=7.0441566158106663e-04
cycle=15 time=1.1524808280503144e-02 dt=7.0401807917162449e-04
cycle=16 time=1.2228826359674769e-02 dt=7.0443971397542724e-04
cycle=17 time=1.2933266073650196e-02 dt=7.0378695432777227e-04
cycle=18 time=1.3637053027977969e-02 dt=7.0483138044050056e-04
cycle=19 time=1.4341884408418468e-02 dt=7.0434614835710894e-04
cycle=20 time=1.5046230556775578e-02 dt=7.0494762097633203e-04
cycle=21 time=1.5751178177751908e-02 dt=7.0528310195865150e-04
cycle=22 time=1.6456461279710559e-02 dt=7.0550282551754158e-04
cycle=23 time=1.7161964105228099e-02 dt=7.0593444862361771e-04
cycle=24 time=1.7867898553851718e-02 dt=7.0617233341191453e-04
cycle=25 time=1.8574070887263632e-02 dt=7.0671699933365503e-04
cycle=26 time=1.9280787886597286e-02 dt=7.0688817414392782e-04
cycle=27 time=1.9987676060741214e-02 dt=7.0748315597046610e-04
cycle=28 time=2.0695159216711681e-02 dt=7.0775267197061259e-04
cycle=29 time=2.1402911888682295e-02 dt=7.0819447470738060e-04
cycle=30 time=2.2111106363389674e-02 dt=7.0850353959691996e-04
cycle=31 time=2.2819609902986593e-02 dt=7.0909515658536878e-04
cycle=32 time=2.3528705059571962e-02 dt=7.0935724760302042e-04
cycle=33 time=2.4238062307174985e-02 dt=7.0975428239701370e-04
cycle=34 time=2.4947816589572000e-02 dt=7.1001278497201826e-04
cycle=35 time=2.5657829374544017e-02 dt=7.1024867384726241e-04
cycle=36 time=2.6368078048391280e-02 dt=7.1038023683980779e-04
cycle=37 time=2.7078458285231088e-02 dt=7.1046066914997100e-04
cycle=38 time=2.7788918954381060e-02 dt=7.1049930914794624e-04
cycle=39 time=2.8499418263529006e-02 dt=7.1055625551875599e-04
cycle=40 time=2.9209974519047763e-02 dt=7.1062166810685471e-04
cycle=41 time=2.9920596187154619e-02 dt=7.1064855093461957e-04
cycle=42 time=3.0631244738089237e-02 dt=7.1071174725440738e-04
cycle=43 time=3.1341956485343644e-02 dt=7.1075785544176279e-04
cycle=44 time=3.2052714340785410e-02 dt=7.1078767002460833e-04
cycle=45 time=3.2763502010810019e-02 dt=7.1085685779798732e-04
cycle=46 time=3.3474358868608008e-02 dt=7.1087387190332503e-04
cycle=47 time=3.4185232740511336e-02 dt=7.1091439033547455e-04
cycle=48 time=3.4896147130846808e-02 dt=7.1096016029757248e-04
cycle=49 time=3.5607107291144378e-02 dt=7.1098417835146956e-04
cycle=50 time=3.6318091469495849e-02 dt=7.1103576330103886e-04
cycle=51 time=3.7029127232796888e-02 dt=7.1106939849866890e-04
cycle=52 time=3.7740196631295554e-02 dt=7.1110011300729188e-04
cycle=53 time=3.8451296744302844e-02 dt=7.1115543161196708e-04
cycle=54 time=3.9162452175914811e-02 dt=7.1117641973926266e-04
cycle=55 time=3.9873628595654076e-02 dt=7.1121135483527098e-04
cycle=56 time=4.0584839950489345e-02 dt=7.1124794540053295e-04
cycle=57 time=4.1296087895889878e-02 dt=7.1127069295114575e-04
cycle=58 time=4.2007358588841026e-02 dt=7.1130922270787637e-04
cycle=59 time=4.2718667811548899e-02 dt=7.1133804481246141e-04
cycle=60 time=4.3430005856361358e-02 dt=7.1136034725949532e-04
cycle=61 time=4.4141366203620851e-02 dt=7.1140096957547226e-04
cycle=62 time=4.4852767173196320e-02 dt=7.1142298539877524e-04
cycle=63 time=4.5564190158595093e-02 dt=7.1144417952077616e-04
cycle=64 time=4.6275634338115872e-02 dt=7.1148101570644561e-04
cycle=65 time=4.6987115353822315e-02 dt=7.1149290009655999e-04
cycle=66 time=4.7698608253918875e-02 dt=7.1151482585083607e-04
cycle=67 time=4.8410123079769711e-02 dt=7.1154390235685008e-04
cycle=68 time=4.9121666982126562e-02 dt=7.1155501356935267e-04
cycle=69 time=4.9833221995695912e-02 dt=7.1157903564196057e-04
cycle=70 time=5.0544801031337870e-02 dt=7.1160272293255408e-04
cycle=71 time=5.1256403754270423e-02 dt=7.1161421668510395e-04
cycle=72 time=5.1968017970955530e-02 dt=7.1164152544790638e-04
cycle=73 time=5.2679659496403436e-02 dt=7.1165978659537457e-04
cycle=74 time=5.3391319282998811e-02 dt=7.1167238001835077e-04
cycle=75 time=5.4102991663017165e-02 dt=7.1170097349643148e-04
cycle=76 time=5.4814692636513597e-02 dt=7.1170697984858540e-04
cycle=77 time=5.5526399616362181e-02 dt=7.1172189216539431e-04
cycle=78 time=5.6238121508527576e-02 dt=7.1174565508707493e-04
cycle=79 time=5.6949867163614651e-02 dt=7.1175259743228589e-04
cycle=80 time=5.7661619761046938e-02 dt=7.1177013192759084e-04
cycle=81 time=5.8373389892974525e-02 dt=7.1178905193861487e-04
cycle=82 time=5.9085178944913143e-02 dt=7.1179712608943502e-04
cycle=83 time=5.9796976071002580e-02 dt=7.1181758428606984e-04
cycle=84 time=6.0508793655288648e-02 dt=7.1183262447936007e-04
cycle=85 time=6.1220626279768008e-02 dt=7.1184203921818043e-04
cycle=86 time=6.1932468318986189e-02 dt=7.1186562389191784e-04
cycle=87 time=6.2644333942878105e-02 dt=7.1187017648368788e-04
cycle=88 time=6.3356204119361798e-02 dt=7.1188169493761921e-04
cycle=89 time=6.4068085814299416e-02 dt=7.1190095010712558e-04
cycle=90 time=6.4779986764406536e-02 dt=7.1190648403362134e-04
cycle=91 time=6.5491893248440153e-02 dt=7.1192014505060694e-04
cycle=92 time=6.6203813393490754e-02 dt=7.1193571174152804e-04
cycle=93 time=6.6915749105232278e-02 dt=7.1194214405923971e-04
cycle=94 time=6.7627691249291522e-02 dt=7.1195787615795504e-04
cycle=95 time=6.8339649125449473e-02 dt=7.1197034422548343e-04
cycle=96 time=6.9051619469674960e-02 dt=7.1197759086185622e-04
cycle=97 time=6.9763597060536822e-02 dt=7.1199723410203498e-04
cycle=98 time=7.0475594294638857e-02 dt=7.1200171849898717e-04
cycle=99 time=7.1187596013137844e-02 dt=7.1201016142634225e-04
cycle=100 time=7.1899606174564187e-02 dt=7.1202648764026957e-04
cycle=101 time=7.2611632662204453e-02 dt=7.1203042766429948e-04
cycle=102 time=7.3323663089868749e-02 dt=7.1204035794052915e-04
cycle=103 time=7.4035703447809284e-02 dt=7.1205382274556399e-04
cycle=104 time=7.4747757270554854e-02 dt=7.1205835033777485e-04
cycle=105 time=7.5459815620892629e-02 dt=7.1206982937744678e-04
cycle=106 time=7.6171885450270080e-02 dt=7.1208081017805867e-04
cycle=107 time=7.6883966260448133e-02 dt=7.1208597369565524e-04
cycle=108 time=7.7596052234143786e-02 dt=7.1209936510296522e-04
cycle=109 time=7.8308151599246756e-02 dt=7.1210730812109289e-04
cycle=110 time=7.9020258907367844e-02 dt=7.1211320066041093e-04
cycle=111 time=7.9732372108028249e-02 dt=7.1212753867348506e-04
cycle=112 time=8.0444499646701736e-02 dt=7.1213023143222890e-04
cycle=113 time=8.1156629878133962e-02 dt=7.1213731101688646e-04
cycle=114 time=8.1868767189150843e-02 dt=7.1214932062341099e-04
cycle=115 time=8.2580916509774255e-02 dt=7.1215249983569298e-04
cycle=116 time=8.3293069009609949e-02 dt=7.1216079407447250e-04
cycle=117 time=8.4005229803684425e-02 dt=7.1217068631365546e-04
cycle=118 time=8.4717400489998082e-02 dt=7.1217437929850134e-04
cycle=119 time=8.5429574869296587e-02 dt=7.1218391979863702e-04
cycle=120 time=8.6141758789095219e-02 dt=7.1219201527165173e-04
cycle=121 time=8.6853950804366864e-02 dt=7.1219623073709665e-04
cycle=122 time=8.7566147035103958e-02 dt=7.1220794326541789e-04
cycle=123 time=8.8278354978369375e-02 dt=7.1221185803209365e-04
cycle=124 time=8.8990566836401469e-02 dt=7.1221679144812351e-04
cycle=125 time=8.9702783627849586e-02 dt=7.1222770893395403e-04
cycle=126 time=9.0415011336783535e-02 dt=7.1222989051779057e-04
cycle=127 time=9.1127241227301328e-02 dt=7.1223575513038734e-04
cycle=128 time=9.1839476982431723e-02 dt=7.1224490935774677e-04
cycle=129 time=9.2551721891789465e-02 dt=7.1224748042014339e-04
cycle=130 time=9.3263969372209612e-02 dt=7.1225430418760767e-04
cycle=131 time=9.3976223676397214e-02 dt=7.1226189668036554e-04
cycle=132 time=9.4688485573077574e-02 dt=7.1226487574790301e-04
cycle=133 time=9.5400750448825483e-02 dt=7.1227268303295410e-04
cycle=134 time=9.6113023131858433e-02 dt=7.1227893473864120e-04
cycle=135 time=9.6825302066597077e-02 dt=7.1228233174129118e-04
cycle=136 time=9.7537584398338373e-02 dt=7.1229214533316890e-04
cycle=137 time=9.8249876543671538e-02 dt=7.1229430131451200e-04
cycle=138 time=9.8962170844986055e-02 dt=7.1229833794751144e-04
cycle=139 time=9.9674469182933573e-02 dt=7.1230694733680916e-04
cycle=140 time=1.0038677613027039e-01 dt=7.1230869429555457e-04
cycle=141 time=1.0109908482456595e-01 dt=7.1231347860493943e-04
cycle=142 time=1.0181139830317089e-01 dt=7.1232072051723031e-04
cycle=143 time=1.0252371902368812e-01 dt=7.1232279008632757e-04
cycle=144 time=1.0323604181377445e-01 dt=7.1232834153298844e-04
cycle=145 time=1.0394837015530745e-01 dt=7.1233438826511213e-04
cycle=146 time=1.0466070454357256e-01 dt=7.1233678681644494e-04
cycle=147 time=1.0537304133038899e-01 dt=7.1234311310775823e-04
cycle=148 time=1.0608538444349676e-01 dt=7.1234812941058600e-04
cycle=149 time=1.0679773257290734e-01 dt=7.1235085281556366e-04
cycle=150 time=1.0751008342572291e-01 dt=7.1235880995472369e-04
cycle=151 time=1.0822244223567763e-01 dt=7.1236043722938225e-04
cycle=152 time=1.0893480267290702e-01 dt=7.1236366268579408e-04
cycle=153 time=1.0964716633559281e-01 dt=7.1237068862338654e-04
cycle=154 time=1.1035953702421619e-01 dt=7.1237204234272239e-04
cycle=155 time=1.1107190906655892e-01 dt=7.1237584640771476e-04
cycle=156 time=1.1178428491296663e-01 dt=7.1238180401526170e-04
cycle=157 time=1.1249666671698189e-01 dt=7.1238341031116354e-04
cycle=158 time=1.1320905012729304e-01 dt=7.1238783304141426e-04
cycle=159 time=1.1392143796033445e-01 dt=7.1239284659595052e-04
cycle=160 time=1.1463383080693040e-01 dt=7.1239474075861665e-04
cycle=161 time=1.1534622554768902e-01 dt=7.1239982475254150e-04
cycle=162 time=1.1605862537244156e-01 dt=7.1240399930963831e-04
cycle=163 time=1.1677102937175120e-01 dt=7.1240621711118174e-04
cycle=164 time=1.1748343558886237e-01 dt=7.1241257563024426e-04
cycle=165 time=1.1819584816449262e-01 dt=7.1241431952869926e-04
cycle=166 time=1.1890826248402132e-01 dt=7.1241700582205672e-04
cycle=167 time=1.1962067948984338e-01 dt=7.1242285905796093e-04
cycle=168 time=1.2033310234890135e-01 dt=7.1242409601440088e-04
cycle=169 time=1.2104552644491574e-01 dt=7.1242731783411738e-04
cycle=170 time=1.2175795376274987e-01 dt=7.1243227811957212e-04
cycle=171 time=1.2247038604086943e-01 dt=7.1243377121991025e-04
cycle=172 time=1.2318281981208934e-01 dt=7.1243749419143290e-04
cycle=173 time=1.2389525730628077e-01 dt=7.1244168238740306e-04
cycle=174 time=1.2460769898866818e-01 dt=7.1244337375875083e-04
cycle=175 time=1.2532014236242692e-01 dt=7.1244753297174243e-04
cycle=176 time=1.2603258989539867e-01 dt=7.1245107334535563e-04
cycle=177 time=1.2674504096874403e-01 dt=7.1245289013782990e-04
cycle=178 time=1.2745749385888186e-01 dt=7.1245770446564402e-04
cycle=179 time=1.2816995156334751e-01 dt=7.1245991322078266e-04
cycle=180 time=1.2888241147656829e-01 dt=7.1246187155584145e-04
cycle=181 time=1.2959487334812414e-01 dt=7.1246699508616779e-04
cycle=182 time=1.3030734034321032e-01 dt=7.1246774126370834e-04
cycle=183 time=1.3101980808447403e-01 dt=7.1246995908435119e-04
cycle=184 time=1.3173227804355839e-01 dt=7.1247442552005110e-04
cycle=185 time=1.3244475246907844e-01 dt=7.1247524728423645e-04
cycle=186 time=1.3315722771636268e-01 dt=7.1247780030476678e-04
cycle=187 time=1.3386970551666744e-01 dt=7.1248165268920135e-04
cycle=188 time=1.3458218716935663e-01 dt=7.1248262113507259e-04
cycle=189 time=1.3529466979049171e-01 dt=7.1248556754981152e-04
cycle=190 time=1.3600715535804153e-01 dt=7.1248886650433817e-04
cycle=191 time=1.3671964422454588e-01 dt=7.1249001905582493e-04
cycle=192 time=1.3743213424360171e-01 dt=7.1249338934256429e-04
cycle=193 time=1.3814462763294427e-01 dt=7.1249618615973299e-04
cycle=194 time=1.3885712381910401e-01 dt=7.1249755237041870e-04
cycle=195 time=1.3956962137147441e-01 dt=7.1250190122764063e-04
cycle=196 time=1.4028212327270206e-01 dt=7.1250271862725834e-04
cycle=197 time=1.4099462599132931e-01 dt=7.1250444041906708e-04
cycle=198 time=1.4170713043174837e-01 dt=7.1250843791458485e-04
cycle=199 time=1.4241963886966297e-01 dt=7.1250915312461504e-04
cycle=200 time=1.4313214802278759e-01 dt=7.1251125806412290e-04
cycle=201 time=1.4384465928085172e-01 dt=7.1251467011867770e-04
cycle=202 time=1.4455717395097040e-01 dt=7.1251559505569411e-04
cycle=203 time=1.4526968954602609e-01 dt=7.1251806896037429e-04
cycle=204 time=1.4598220761498645e-01 dt=7.1252097539908845e-04
cycle=205 time=1.4669472859038554e-01 dt=7.1252207610984135e-04
cycle=206 time=1.4740725066649538e-01 dt=7.1252487811547961e-04
cycle=207 time=1.4811977554461087e-01 dt=7.1252735125634315e-04
cycle=208 time=1.4883230289586721e-01 dt=7.1252858224075814e-04
cycle=209 time=1.4954483147810796e-01 dt=7.1253179896577903e-04
cycle=210 time=1.5025736327707373e-01 dt=7.1253355745207192e-04
cycle=211 time=1.5096989683452580e-01 dt=7.1253491610394977e-04
cycle=212 time=1.5168243175062976e-01 dt=7.1253854390375274e-04
cycle=213 time=1.5239497029453350e-01 dt=7.1253911119284257e-04
cycle=214 time=1.5310750940572634e-01 dt=7.1254066985655998e-04
cycle=215 time=1.5382005007558291e-01 dt=7.1254384998504366e-04
cycle=216 time=1.5453259392556795e-01 dt=7.1254448479681886e-04
cycle=217 time=1.5524513841036477e-01 dt=7.1254626282029503e-04
cycle=218 time=1.5595768467318508e-01 dt=7.1254902745850556e-04
cycle=219 time=1.5667023370064359e-01 dt=7.1254975059163229e-04
cycle=220 time=1.5738278345123521e-01 dt=7.1255177090724523e-04
cycle=221 time=1.5809533522214245e-01 dt=7.1255416677237088e-04
cycle=222 time=1.5880788938891482e-01 dt=7.1255499596406102e-04
cycle=223 time=1.5952044438487889e-01 dt=7.1255727506309985e-04
cycle=224 time=1.6023300165994198e-01 dt=7.1255933483132855e-04
cycle=225 time=1.6094556099477331e-01 dt=7.1256028093128669e-04
cycle=226 time=1.6165812127570459e-01 dt=7.1256298468464927e-04
cycle=227 time=1.6237068426038923e-01 dt=7.1256428714670415e-04
cycle=228 time=1.6308324854753592e-01 dt=7.1256538657544978e-04
cycle=229 time=1.6379581393411136e-01 dt=7.1256842080859209e-04
cycle=230 time=1.6450838235491994e-01 dt=7.1256885942429932e-04
cycle=231 time=1.6522095121434424e-01 dt=7.1257015902670851e-04
cycle=232 time=1.6593352137337095e-01 dt=7.1257281734577794e-04
cycle=233 time=1.6664609419071671e-01 dt=7.1257334467918470e-04
cycle=234 time=1.6735866753539591e-01 dt=7.1257484686038141e-04
cycle=235 time=1.6807124238225629e-01 dt=7.1257716210219380e-04
cycle=236 time=1.6878381954435848e-01 dt=7.1257777796630102e-04
cycle=237 time=1.6949639732232477e-01 dt=7.1257948504126645e-04
cycle=238 time=1.7020897680736605e-01 dt=7.1258149690517261e-04
cycle=239 time=1.7092155830427122e-01 dt=7.1258220100394668e-04
cycle=240 time=1.7163414050527517e-01 dt=7.1258411549306579e-04
cycle=241 time=1.7234672462076825e-01 dt=7.1258585453481114e-04
cycle=242 time=1.7305931047530307e-01 dt=7.1258664798144441e-04
cycle=243 time=1.7377189712328450e-01 dt=7.1258888215313667e-04
cycle=244 time=1.7448448600543764e-01 dt=7.1259006250884622e-04
cycle=245 time=1.7519707606794649e-01 dt=7.1259096983421807e-04
cycle=246 time=1.7590966703778071e-01 dt=7.1259356948818445e-04
cycle=247 time=1.7662226060726890e-01 dt=7.1259392461931717e-04
cycle=248 time=1.7733485453188821e-01 dt=7.1259499119454082e-04
cycle=249 time=1.7804744952308277e-01 dt=7.1259728489665654e-04
cycle=250 time=1.7876004680797941e-01 dt=7.1259771060587398e-04
cycle=251 time=1.7947264451858527e-01 dt=7.1259894357249970e-04
cycle=252 time=1.8018524346215778e-01 dt=7.1260095403761353e-04
cycle=253 time=1.8089784441619539e-01 dt=7.1260145523221433e-04
cycle=254 time=1.8161044587142761e-01 dt=7.1260286057759368e-04
cycle=255 time=1.8232304873200519e-01 dt=7.1260461756521179e-04
cycle=256 time=1.8303565334957039e-01 dt=7.1260519665726062e-04
cycle=257 time=1.8374825854622764e-01 dt=7.1260677728823666e-04
cycle=258 time=1.8446086532351588e-01 dt=7.1260830375698267e-04
cycle=259 time=1.8517347362727288e-01 dt=7.1260896106405916e-04
cycle=260 time=1.8588608258833694e-01 dt=7.1261073543066095e-04
cycle=261 time=1.8659869332376761e-01 dt=7.1261200389026479e-04
cycle=262 time=1.8731130532765788e-01 dt=7.1261274164159184e-04
cycle=263 time=1.8802391806929947e-01 dt=7.1261493801677979e-04
cycle=264 time=1.8873653300731624e-01 dt=7.1261532468839064e-04
cycle=265 time=1.8944914833200463e-01 dt=7.1261618959352849e-04
cycle=266 time=1.9016176452159816e-01 dt=7.1261822778500000e-04
cycle=267 time=1.9087438274938318e-01 dt=7.1261857137379933e-04
cycle=268 time=1.9158700132075698e-01 dt=7.1261956599518437e-04
cycle=269 time=1.9229962088675218e-01 dt=7.1262136567235533e-04
cycle=270 time=1.9301224225242453e-01 dt=7.1262176433924455e-04
cycle=271 time=1.9372486401676378e-01 dt=7.1262289306661035e-04
cycle=272 time=1.9443748690983040e-01 dt=7.1262448133453020e-04
cycle=273 time=1.9515011139116492e-01 dt=7.1262493690805138e-04
cycle=274 time=1.9586273632807297e-01 dt=7.1262620328497485e-04
cycle=275 time=1.9657536253135793e-01 dt=7.1262759779668148e-04
cycle=276 time=1.9728799012915463e-01 dt=7.1262811238067842e-04
cycle=277 time=1.9800061824153531e-01 dt=7.1262951989479366e-04
cycle=278 time=1.9871324776143010e-01 dt=7.1263073719466839e-04
cycle=279 time=1.9942587849862475e-01 dt=7.1263131291691756e-04
cycle=280 time=2.0013850981154166e-01 dt=7.1263297853122289e-04
cycle=281 time=2.0085114279007288e-01 dt=7.1263370440011328e-04
cycle=282 time=2.0156377649447299e-01 dt=7.1263436666947285e-04
cycle=283 time=2.0227641086114245e-01 dt=7.1263624293696644e-04
cycle=284 time=2.0298904710407942e-01 dt=7.1263649443672095e-04
cycle=285 time=2.0370168359851615e-01 dt=7.1263726543662311e-04
cycle=286 time=2.0441432086395278e-01 dt=7.1263893628303572e-04
cycle=287 time=2.0512695980023582e-01 dt=7.1263923610284609e-04
cycle=288 time=2.0583959903633867e-01 dt=7.1264012031902271e-04
cycle=289 time=2.0655223915665769e-01 dt=7.1264160307923463e-04
cycle=290 time=2.0726488075973692e-01 dt=7.1264195358216188e-04
cycle=291 time=2.0797752271331910e-01 dt=7.1264295435615518e-04
cycle=292 time=2.0869016566767526e-01 dt=7.1264426615943576e-04
cycle=293 time=2.0940280993383470e-01 dt=7.1264466844485287e-04
cycle=294 time=2.1011545460227954e-01 dt=7.1264578774711020e-04
cycle=295 time=2.1082810039002664e-01 dt=7.1264694218235215e-04
cycle=296 time=2.1154074733220898e-01 dt=7.1264739681149334e-04
cycle=297 time=2.1225339472902047e-01 dt=7.1264863610333697e-04
cycle=298 time=2.1296604336512381e-01 dt=7.1264964688536091e-04
cycle=299 time=2.1367869301200917e-01 dt=7.1265015418576583e-04
cycle=300 time=2.1439134316619493e-01 dt=7.1265164834709380e-04
cycle=301 time=2.1510399481454204e-01 dt=7.1265213953287108e-04
cycle=302 time=2.1581664695407490e-01 dt=7.1265272775652467e-04
cycle=303 time=2.1652929968183143e-01 dt=7.1265431447700006e-04
cycle=304 time=2.1724195399630844e-01 dt=7.1265453819969625e-04
cycle=305 time=2.1795460853450813e-01 dt=7.1265521695386370e-04
cycle=306 time=2.1866726375146198e-01 dt=7.1265663485728381e-04
cycle=307 time=2.1937992038631926e-01 dt=7.1265689834678595e-04
cycle=308 time=2.2009257728466605e-01 dt=7.1265767109855618e-04
cycle=309 time=2.2080523495576460e-01 dt=7.1265893648704689e-04
cycle=310 time=2.2151789389225165e-01 dt=7.1265924132535459e-04
cycle=311 time=2.2223055313357701e-01 dt=7.1266011066100699e-04
cycle=312 time=2.2294321324423802e-01 dt=7.1266123596048451e-04
cycle=313 time=2.2365587448019850e-01 dt=7.1266158326103069e-04
cycle=314 time=2.2436853606345952e-01 dt=7.1266255115286009e-04
cycle=315 time=2.2508119861461237e-01 dt=7.1266354685955145e-04
cycle=316 time=2.2579386216147193e-01 dt=7.1266393749721310e-04
cycle=317 time=2.2650652609896915e-01 dt=7.1266500559274287e-04
cycle=318 time=2.2721919110456190e-01 dt=7.1266588223265024e-04
cycle=319 time=2.2793185698679455e-01 dt=7.1266631688251896e-04
cycle=320 time=2.2864452330367707e-01 dt=7.1266759671019596e-04
cycle=321 time=2.2935719090038728e-01 dt=7.1266804392845903e-04
cycle=322 time=2.3006985894431575e-01 dt=7.1266854613257153e-04
cycle=323 time=2.3078252749044834e-01 dt=7.1266993708856254e-04
cycle=324 time=2.3149519742753691e-01 dt=7.1267012538869215e-04
cycle=325 time=2.3220786755292561e-01 dt=7.1267070361728433e-04
cycle=326 time=2.3292053825654288e-01 dt=7.1267195282885153e-04
cycle=327 time=2.3363321020937172e-01 dt=7.1267217466995593e-04
cycle=328 time=2.3434588238404166e-01 dt=7.1267283187058492e-04
cycle=329 time=2.3505855521591226e-01 dt=7.1267395261719036e-04
cycle=330 time=2.3577122916852944e-01 dt=7.1267420931047255e-04
cycle=331 time=2.3648390337783992e-01 dt=7.1267494763374920e-04
cycle=332 time=2.3719657832547367e-01 dt=7.1267594995120739e-04
cycle=333 time=2.3790925427542486e-01 dt=7.1267624233170969e-04
cycle=334 time=2.3862193051775657e-01 dt=7.1267706336504584e-04
cycle=335 time=2.3933460758112163e-01 dt=7.1267795547233362e-04
cycle=336 time=2.4004728553659396e-01 dt=7.1267828417101919e-04
cycle=337 time=2.4075996382076498e-01 dt=7.1267918925086641e-04
cycle=338 time=2.4147264301001584e-01 dt=7.1267997934249590e-04
cycle=339 time=2.4218532298935833e-01 dt=7.1268034492960781e-04
cycle=340 time=2.4289800333428793e-01 dt=7.1268139630569069e-04
cycle=341 time=2.4361068473059364e-01 dt=7.1268191596288622e-04
cycle=342 time=2.4432336664655652e-01 dt=7.1268233158993245e-04
cycle=343 time=2.4503604897814646e-01 dt=7.1268359071670296e-04
cycle=344 time=2.4574873256886315e-01 dt=7.1268374342340528e-04
cycle=345 time=2.4646141631228655e-01 dt=7.1268422266356304e-04
cycle=346 time=2.4717410053495012e-01 dt=7.1268536071810947e-04
cycle=347 time=2.4788678589566823e-01 dt=7.1268554135470489e-04
cycle=348 time=2.4859947143702293e-01 dt=7.1268608661695376e-04
cycle=349 time=2.4931215752363989e-01 dt=6.8784247636011209e-04
cycle=350 time=2.5000000000000000e-01 dt=7.1268730785871621e-04

Terminating on time limit
time=2.5000000000000000e-01 cycle=350
tlim=2.5000000000000000e-01 nlim=-1

zone-cycles = 179200
cpu time used  = 1.7933199999999999e-01
zone-cycles/cpu_second = 9.9926393504784431e+05
