Program Version,EnergyPlus, Version 25.1.0-68a4a7c774, YMD=2026.09.26 09:02,
   ** Warning ** CheckEnvironmentSpecifications: SimulationControl specified doing design day simulations, but no design environments specified.
   **   ~~~   ** ...No design environment results produced. For these results, add appropriate SizingPeriod:* objects for your simulation.
   ** Warning ** Site:GroundTemperature:BuildingSurface: Some values fall outside the range of 15-25C.
   **   ~~~   ** These values may be inappropriate.  Please consult the Input Output Reference for more details.
   ** Warning ** GetSurfaceData: Entered Space Floor Area(s) differ more than 5% from calculated Space Floor Area(s).
   **   ~~~   ** ...use Output:Diagnostics,DisplayExtraWarnings; to show more details on individual Spaces.
   ** Warning ** CalculateZoneVolume: 31 zones are not fully enclosed. For more details use:  Output:Diagnostics,DisplayExtrawarnings; 
   ** Warning ** CheckUsedConstructions: There are 19 nominally unused constructions in input.
   **   ~~~   ** For explicit details on each unused construction, use Output:Diagnostics,DisplayExtraWarnings;
   ** Warning ** FixViewFactors: View factors not complete. Check for bad surface descriptions or unenclosed zone="F2-3_LOBBY".
   ** Warning ** CalcApproximateViewFactors: Zero area for all other zone surfaces.
   **   ~~~   ** Happens for Surface="SURFACE 1569" in Zone=ZONE_CENTRAL-HALL_F2-3
   ** Warning ** CalcApproximateViewFactors: Zero area for all other zone surfaces.
   **   ~~~   ** Happens for Surface="W 164" in Zone=ZONE_CENTRAL-HALL_F2-3
   ** Warning ** Surfaces in Zone/Enclosure="F4_LOBBY" do not define an enclosure.
   **   ~~~   ** Number of surfaces <= 3, view factors are set to force reciprocity but may not fulfill completeness.
   **   ~~~   ** Reciprocity means that radiant exchange between two surfaces will match and not lead to an energy loss.
   **   ~~~   ** Completeness means that all of the view factors between a surface and the other surfaces in a zone add up to unity.
   **   ~~~   ** So, when there are three or less surfaces in a zone, EnergyPlus will make sure there are no losses of energy but
   **   ~~~   ** it will not exchange the full amount of radiation with the rest of the zone as it would if there was a completed enclosure.
   ** Warning ** Surfaces in Zone/Enclosure="F5_LOBBY" do not define an enclosure.
   **   ~~~   ** Number of surfaces <= 3, view factors are set to force reciprocity but may not fulfill completeness.
   **   ~~~   ** Reciprocity means that radiant exchange between two surfaces will match and not lead to an energy loss.
   **   ~~~   ** Completeness means that all of the view factors between a surface and the other surfaces in a zone add up to unity.
   **   ~~~   ** So, when there are three or less surfaces in a zone, EnergyPlus will make sure there are no losses of energy but
   **   ~~~   ** it will not exchange the full amount of radiation with the rest of the zone as it would if there was a completed enclosure.
   ** Severe  ** ComputeIntSolarAbsorpFactors: Solar distribution model is set to place solar gains on the zone floor,
   **   ~~~   ** but Zone or Enclosure ="F2-3_LOBBY" floor cannot absorb any solar gains. 
   **   ~~~   ** Check the solar absorptance of the inside layer of the floor surface construction/material.
   **   ~~~   ** Solar gains will be spread evenly on all surfaces in the zone, and the simulation continues...
   ** Severe  ** ComputeIntSolarAbsorpFactors: Solar distribution model is set to place solar gains on the zone floor,
   **   ~~~   ** but Zone or Enclosure ="F4_LOBBY" floor cannot absorb any solar gains. 
   **   ~~~   ** Check the solar absorptance of the inside layer of the floor surface construction/material.
   **   ~~~   ** Solar gains will be spread evenly on all surfaces in the zone, and the simulation continues...
   ** Severe  ** ComputeIntSolarAbsorpFactors: Solar distribution model is set to place solar gains on the zone floor,
   **   ~~~   ** but Zone or Enclosure ="F5_LOBBY" floor cannot absorb any solar gains. 
   **   ~~~   ** Check the solar absorptance of the inside layer of the floor surface construction/material.
   **   ~~~   ** Solar gains will be spread evenly on all surfaces in the zone, and the simulation continues...
   ** Warning ** FixViewFactors: View factors not complete. Check for bad surface descriptions or unenclosed zone="F2-3_LOBBY".
   ** Warning ** CalcApproximateViewFactors: Zero area for all other zone surfaces.
   **   ~~~   ** Happens for Surface="SURFACE 1569" in Zone=ZONE_CENTRAL-HALL_F2-3
   ** Warning ** CalcApproximateViewFactors: Zero area for all other zone surfaces.
   **   ~~~   ** Happens for Surface="W 164" in Zone=ZONE_CENTRAL-HALL_F2-3
   ** Warning ** Surfaces in Zone/Enclosure="F4_LOBBY" do not define an enclosure.
   **   ~~~   ** Number of surfaces <= 3, view factors are set to force reciprocity but may not fulfill completeness.
   **   ~~~   ** Reciprocity means that radiant exchange between two surfaces will match and not lead to an energy loss.
   **   ~~~   ** Completeness means that all of the view factors between a surface and the other surfaces in a zone add up to unity.
   **   ~~~   ** So, when there are three or less surfaces in a zone, EnergyPlus will make sure there are no losses of energy but
   **   ~~~   ** it will not exchange the full amount of radiation with the rest of the zone as it would if there was a completed enclosure.
   ** Warning ** Surfaces in Zone/Enclosure="F5_LOBBY" do not define an enclosure.
   **   ~~~   ** Number of surfaces <= 3, view factors are set to force reciprocity but may not fulfill completeness.
   **   ~~~   ** Reciprocity means that radiant exchange between two surfaces will match and not lead to an energy loss.
   **   ~~~   ** Completeness means that all of the view factors between a surface and the other surfaces in a zone add up to unity.
   **   ~~~   ** So, when there are three or less surfaces in a zone, EnergyPlus will make sure there are no losses of energy but
   **   ~~~   ** it will not exchange the full amount of radiation with the rest of the zone as it would if there was a completed enclosure.
   ** Warning ** GetSimpleAirModelInputs: ZoneInfiltration:DesignFlowRate="7119 189.1-2009 - OFFICE - CLOSEDOFFICE - CZ1-3 INFILTRATION", Design Flow Rate Calculation Method specifies Flow Rate per Exterior Surface Area, but Exterior Surface Area = 0.  0 Infiltration will result.
   ** Warning ** GetSimpleAirModelInputs: ZoneInfiltration:DesignFlowRate="7121 189.1-2009 - OFFICE - CLOSEDOFFICE - CZ1-3 INFILTRATION", Design Flow Rate Calculation Method specifies Flow Rate per Exterior Surface Area, but Exterior Surface Area = 0.  0 Infiltration will result.
   ** Warning ** GetSimpleAirModelInputs: ZoneInfiltration:DesignFlowRate="7109 189.1-2009 - OFFICE - CLOSEDOFFICE - CZ1-3 INFILTRATION", Design Flow Rate Calculation Method specifies Flow Rate per Exterior Surface Area, but Exterior Surface Area = 0.  0 Infiltration will result.
   ** Warning ** GetSimpleAirModelInputs: ZoneInfiltration:DesignFlowRate="7103 189.1-2009 - SECSCHL - AUDITORIUM - CZ1-3 INFILTRATION", Design Flow Rate Calculation Method specifies Flow Rate per Exterior Surface Area, but Exterior Surface Area = 0.  0 Infiltration will result.
   ** Warning ** GetSimpleAirModelInputs: ZoneInfiltration:DesignFlowRate="7403 189.1-2009 - SECSCHL - CLASSROOM - CZ1-3 INFILTRATION", Design Flow Rate Calculation Method specifies Flow Rate per Exterior Surface Area, but Exterior Surface Area = 0.  0 Infiltration will result.
   ** Warning ** GetSimpleAirModelInputs: ZoneInfiltration:DesignFlowRate="7211-3 189.1-2009 - SECSCHL - OFFICE - CZ1-3 INFILTRATION", Design Flow Rate Calculation Method specifies Flow Rate per Exterior Surface Area, but Exterior Surface Area = 0.  0 Infiltration will result.
   ** Warning ** GetSimpleAirModelInputs: ZoneInfiltration:DesignFlowRate="7212-3 189.1-2009 - SECSCHL - OFFICE - CZ1-3 INFILTRATION", Design Flow Rate Calculation Method specifies Flow Rate per Exterior Surface Area, but Exterior Surface Area = 0.  0 Infiltration will result.
   ** Warning ** GetSimpleAirModelInputs: ZoneInfiltration:DesignFlowRate="7301-8 189.1-2009 - SECSCHL - OFFICE - CZ1-3 INFILTRATION", Design Flow Rate Calculation Method specifies Flow Rate per Exterior Surface Area, but Exterior Surface Area = 0.  0 Infiltration will result.
   ** Warning ** GetSimpleAirModelInputs: ZoneInfiltration:DesignFlowRate="7316-5 189.1-2009 - SECSCHL - OFFICE - CZ1-3 INFILTRATION", Design Flow Rate Calculation Method specifies Flow Rate per Exterior Surface Area, but Exterior Surface Area = 0.  0 Infiltration will result.
   ** Warning ** GetSimpleAirModelInputs: ZoneInfiltration:DesignFlowRate="7301-9 189.1-2009 - SECSCHL - OFFICE - CZ1-3 INFILTRATION", Design Flow Rate Calculation Method specifies Flow Rate per Exterior Surface Area, but Exterior Surface Area = 0.  0 Infiltration will result.
   ** Warning ** GetSimpleAirModelInputs: ZoneInfiltration:DesignFlowRate="7211-9 189.1-2009 - SECSCHL - OFFICE - CZ1-3 INFILTRATION", Design Flow Rate Calculation Method specifies Flow Rate per Exterior Surface Area, but Exterior Surface Area = 0.  0 Infiltration will result.
   ** Warning ** GetSimpleAirModelInputs: ZoneInfiltration:DesignFlowRate="7212-5 189.1-2009 - SECSCHL - OFFICE - CZ1-3 INFILTRATION", Design Flow Rate Calculation Method specifies Flow Rate per Exterior Surface Area, but Exterior Surface Area = 0.  0 Infiltration will result.
   ** Warning ** GetSimpleAirModelInputs: ZoneInfiltration:DesignFlowRate="7211-6 189.1-2009 - SECSCHL - OFFICE - CZ1-3 INFILTRATION", Design Flow Rate Calculation Method specifies Flow Rate per Exterior Surface Area, but Exterior Surface Area = 0.  0 Infiltration will result.
   ** Warning ** GetSimpleAirModelInputs: ZoneInfiltration:DesignFlowRate="7316-9 189.1-2009 - SECSCHL - OFFICE - CZ1-3 INFILTRATION", Design Flow Rate Calculation Method specifies Flow Rate per Exterior Surface Area, but Exterior Surface Area = 0.  0 Infiltration will result.
   ** Warning ** GetSimpleAirModelInputs: ZoneInfiltration:DesignFlowRate="7211-8 189.1-2009 - SECSCHL - OFFICE - CZ1-3 INFILTRATION", Design Flow Rate Calculation Method specifies Flow Rate per Exterior Surface Area, but Exterior Surface Area = 0.  0 Infiltration will result.
   ** Warning ** GetSimpleAirModelInputs: ZoneInfiltration:DesignFlowRate="7211-2 189.1-2009 - SECSCHL - OFFICE - CZ1-3 INFILTRATION", Design Flow Rate Calculation Method specifies Flow Rate per Exterior Surface Area, but Exterior Surface Area = 0.  0 Infiltration will result.
   ** Warning ** GetSimpleAirModelInputs: ZoneInfiltration:DesignFlowRate="7211-5 189.1-2009 - SECSCHL - OFFICE - CZ1-3 INFILTRATION", Design Flow Rate Calculation Method specifies Flow Rate per Exterior Surface Area, but Exterior Surface Area = 0.  0 Infiltration will result.
   ** Warning ** GetSimpleAirModelInputs: ZoneInfiltration:DesignFlowRate="7212-2 189.1-2009 - SECSCHL - OFFICE - CZ1-3 INFILTRATION", Design Flow Rate Calculation Method specifies Flow Rate per Exterior Surface Area, but Exterior Surface Area = 0.  0 Infiltration will result.
   ** Warning ** GetSimpleAirModelInputs: ZoneInfiltration:DesignFlowRate="7212-6 189.1-2009 - SECSCHL - OFFICE - CZ1-3 INFILTRATION", Design Flow Rate Calculation Method specifies Flow Rate per Exterior Surface Area, but Exterior Surface Area = 0.  0 Infiltration will result.
   ** Warning ** GetSimpleAirModelInputs: ZoneInfiltration:DesignFlowRate="7316-6 189.1-2009 - SECSCHL - OFFICE - CZ1-3 INFILTRATION", Design Flow Rate Calculation Method specifies Flow Rate per Exterior Surface Area, but Exterior Surface Area = 0.  0 Infiltration will result.
   ** Warning ** GetSimpleAirModelInputs: ZoneInfiltration:DesignFlowRate="7316-10 189.1-2009 - SECSCHL - OFFICE - CZ1-3 INFILTRATION", Design Flow Rate Calculation Method specifies Flow Rate per Exterior Surface Area, but Exterior Surface Area = 0.  0 Infiltration will result.
   ** Warning ** GetSimpleAirModelInputs: ZoneInfiltration:DesignFlowRate="7301-5 189.1-2009 - SECSCHL - OFFICE - CZ1-3 INFILTRATION", Design Flow Rate Calculation Method specifies Flow Rate per Exterior Surface Area, but Exterior Surface Area = 0.  0 Infiltration will result.
   ** Warning ** GetSimpleAirModelInputs: ZoneInfiltration:DesignFlowRate="7301-6 189.1-2009 - SECSCHL - OFFICE - CZ1-3 INFILTRATION", Design Flow Rate Calculation Method specifies Flow Rate per Exterior Surface Area, but Exterior Surface Area = 0.  0 Infiltration will result.
   ************* Testing Individual Branch Integrity
   ************* All Branches passed integrity testing
   ************* Testing Individual Supply Air Path Integrity
   ************* All Supply Air Paths passed integrity testing
   ************* Testing Individual Return Air Path Integrity
   ************* All Return Air Paths passed integrity testing
   ************* No node connection errors were found.
   ************* Beginning Simulation
   ** Warning ** The resource referenced by LifeCycleCost:UsePriceEscalation= "U.S. AVG  COMMERCIAL-ELECTRICITY" has no energy cost. 
   **   ~~~   ** ... It is likely that the wrong resource is used. The resource should match the meter used in Utility:Tariff.
   ** Warning ** The resource referenced by LifeCycleCost:UsePriceEscalation= "U.S. AVG  COMMERCIAL-DISTILLATE OIL" has no energy cost. 
   **   ~~~   ** ... It is likely that the wrong resource is used. The resource should match the meter used in Utility:Tariff.
   ** Warning ** The resource referenced by LifeCycleCost:UsePriceEscalation= "U.S. AVG  COMMERCIAL-RESIDUAL OIL" has no energy cost. 
   **   ~~~   ** ... It is likely that the wrong resource is used. The resource should match the meter used in Utility:Tariff.
   ** Warning ** The resource referenced by LifeCycleCost:UsePriceEscalation= "U.S. AVG  COMMERCIAL-NATURAL GAS" has no energy cost. 
   **   ~~~   ** ... It is likely that the wrong resource is used. The resource should match the meter used in Utility:Tariff.
   ** Warning ** The resource referenced by LifeCycleCost:UsePriceEscalation= "U.S. AVG  COMMERCIAL-COAL" has no energy cost. 
   **   ~~~   ** ... It is likely that the wrong resource is used. The resource should match the meter used in Utility:Tariff.
   ************* Simulation Error Summary *************
   ************* There are 25 unused schedules in input.
   ************* Use Output:Diagnostics,DisplayUnusedSchedules; to see them.
   *************
   ************* ===== Final Error Summary =====
   ************* The following error categories occurred.  Consider correcting or noting.
   ************* Incomplete View factors
   ************* ..Incomplete view factors can result from incorrect floor specifications (such as tilting 0
   ************* ..instead of 180) or not enough surfaces in a zone to make an enclosure.  The error message
   ************* ..also shows an enforced reciprocity value.  You can decide if you need to make geometry
   ************* ..changes based on that value.
   ************* Nominally Unused Constructions
   ************* ..The nominally unused constructions warning is provided to alert you to potential conditions that can cause
   ************* ..extra time during simulation. Each construction is calculated by the algorithm indicated in the HeatBalanceAlgorithm
   ************* ..object. You may remove the constructions indicated (when you use the DisplayExtraWarnings option).
   *************
   ************* EnergyPlus Warmup Error Summary. During Warmup: 0 Warning; 0 Severe Errors.
   ************* EnergyPlus Sizing Error Summary. During Sizing: 0 Warning; 0 Severe Errors.
   ************* EnergyPlus Completed Successfully-- 43 Warning; 3 Severe Errors; Elapsed Time=00hr 00min  2.94sec
